ASxxxx Linker V03.00/V05.40 + sdld,  page 1.
Hexadecimal  [32-Bits]

Area                                    Addr        Size        Decimal Bytes (Attributes)
--------------------------------        ----        ----        ------- ----- ------------
.  .ABS.                            00000000    00000000 =           0. bytes (ABS,CON)

      Value  Global                              Global Defined In Module
      -----  --------------------------------   ------------------------
     00000000  .__.ABS.                           
     00000000  _rRAMG                             
     00000000  l__BASE                         
     00000000  l__BSS                          
     00000000  l__CABS                         
     00000000  l__CODE_0                       
     00000000  l__CRASH_HEADER                 
     00000000  l__CRASH_SCRATCH                
     00000000  l__DABS                         
     00000000  l__HEADER                       
     00000000  l__HEADER_LCD                   
     00000000  l__HEADER_SIO                   
     00000000  l__HEADER_TIMER                 
     00000000  l__HEAP                         
     00000000  l__HEAP_END                     
     00000000  l__HRAM                         
     00000000  l__LIT                          
     00000000  s__CABS                         
     00000000  s__CRASH_HEADER                 
     00000000  s__CRASH_HEADER0                
     00000000  s__CRASH_HEADER1                
     00000000  s__CRASH_SCRATCH                
     00000000  s__CRASH_SCRATCH2               
     00000000  s__DABS                         
     00000000  s__HEADER                       
     00000000  s__HEADER0                      
     00000000  s__HEADER1                      
     00000000  s__HEADER10                     
     00000000  s__HEADER11                     
     00000000  s__HEADER2                      
     00000000  s__HEADER3                      
     00000000  s__HEADER4                      
     00000000  s__HEADER5                      
     00000000  s__HEADER6                      
     00000000  s__HEADER7                      
     00000000  s__HEADER8                      
     00000000  s__HEADER9                      
     00000000  s__HEADER_LCD                   
     00000000  s__HEADER_LCD0                  
     00000000  s__HEADER_SIO                   
     00000000  s__HEADER_SIO0                  
     00000000  s__HEADER_TIMER                 
     00000000  s__HEADER_TIMER0                
     00000000  s__HEADERa                      
     00000000  s__HEADERb                      
     00000000  s__HEADERc                      
     00000000  s__HEADERd                      
     00000000  s__HEADERe                      
     00000000  s__HEADERf                      
     00000000  s__HRAM                         
ASxxxx Linker V03.00/V05.40 + sdld,  page 2.
Hexadecimal  [32-Bits]

Area                                    Addr        Size        Decimal Bytes (Attributes)
--------------------------------        ----        ----        ------- ----- ------------
.  .ABS.                            00000000    00000000 =           0. bytes (ABS,CON)

      Value  Global                              Global Defined In Module
      -----  --------------------------------   ------------------------
     00000000  s__HRAM12                       
     00000001  ___bank_VM_GBPRINTER               vm_gbprinter
     00000001  ___bank_VM_MAIN                    vm
     00000001  ___bank_VM_SGB                     vm_sgb
     00000001  ___bank_bg_map_tilemap_attr        bg_map_tilemap_attr
     00000001  b_logo_init                        logo
     00000001  b_logo_update                      logo
     00000001  b_script_detach_hthread            vm
     00000001  b_script_execute                   vm
     00000001  b_script_runner_init               vm
     00000001  b_script_terminate                 vm
     00000001  b_ui_draw_frame                    ui
     00000001  b_ui_draw_text_buffer_char         ui
     00000001  b_ui_init                          ui
     00000001  b_ui_load_tiles                    ui
     00000001  b_ui_run_menu                      ui
     00000001  b_ui_run_modal                     ui
     00000001  b_ui_set_start_tile                ui
     00000001  b_vm_call                          vm
     00000001  b_vm_call_far                      vm
     00000001  b_vm_get_indirect                  vm
     00000001  b_vm_get_int16                     vm
     00000001  b_vm_get_int8                      vm
     00000001  b_vm_get_tlocal                    vm
     00000001  b_vm_get_uint8                     vm
     00000001  b_vm_idle                          vm
     00000001  b_vm_if                            vm
     00000001  b_vm_if_const                      vm
     00000001  b_vm_init_rng                      vm
     00000001  b_vm_invoke                        vm
     00000001  b_vm_join                          vm
     00000001  b_vm_jump                          vm
     00000001  b_vm_lock                          vm
     00000001  b_vm_loop                          vm
     00000001  b_vm_memcpy                        vm
     00000001  b_vm_memset                        vm
     00000001  b_vm_poll_loaded                   vm
     00000001  b_vm_pop                           vm
     00000001  b_vm_print_detect                  vm_gbprinter
     00000001  b_vm_print_overlay                 vm_gbprinter
     00000001  b_vm_push                          vm
     00000001  b_vm_push_reference                vm
     00000001  b_vm_push_value                    vm
     00000001  b_vm_push_value_ind                vm
     00000001  b_vm_raise                         vm
     00000001  b_vm_rand                          vm
     00000001  b_vm_reserve                       vm
     00000001  b_vm_ret                           vm
     00000001  b_vm_ret_far                       vm
     00000001  b_vm_set                           vm
     00000001  b_vm_set_const                     vm
ASxxxx Linker V03.00/V05.40 + sdld,  page 3.
Hexadecimal  [32-Bits]

Area                                    Addr        Size        Decimal Bytes (Attributes)
--------------------------------        ----        ----        ------- ----- ------------
.  .ABS.                            00000000    00000000 =           0. bytes (ABS,CON)

      Value  Global                              Global Defined In Module
      -----  --------------------------------   ------------------------
     00000001  b_vm_set_const_int16               vm
     00000001  b_vm_set_const_int8                vm
     00000001  b_vm_set_indirect                  vm
     00000001  b_vm_set_int16                     vm
     00000001  b_vm_set_int8                      vm
     00000001  b_vm_set_uint8                     vm
     00000001  b_vm_terminate                     vm
     00000001  b_vm_test_terminate                vm
     00000001  b_vm_unlock                        vm
     00000001  b_wait_frames                      vm
     00000001  l__GSFINAL                      
     00000001  l__HEADER0                      
     00000001  l__HEADER5                      
     00000001  l__HEADERa                      
     00000001  l__HEADERb                      
     00000001  l__HEADERc                      
     00000001  l__HEADERe                      
     00000001  l__HEADERf                      
     00000002  ___bank_bg_map_tilemap             bg_map_tilemap
     00000002  ___bank_bg_map_tileset             bg_map_tileset
     00000002  ___bank_scene_1_collisions         scene_1_collisions
     00000002  b_do_load_palette                  data_manager
     00000002  b_load_background                  data_manager
     00000002  b_load_bkg_tileset                 data_manager
     00000002  b_load_bounds                      data_manager
     00000002  b_load_emote                       data_manager
     00000002  b_load_init                        data_manager
     00000002  b_load_player                      data_manager
     00000002  b_load_scene                       data_manager
     00000002  b_load_sprite                      data_manager
     00000002  b_parallax_init                    parallax
     00000002  l__HEADER10                     
     00000002  l__HEADER6                      
     00000002  l__HEADERd                      
     00000003  ___bank_ACTOR                      actor
     00000003  ___bank_VM_ACTOR                   vm_actor
     00000003  ___bank_sprite_moblin_projectile   sprite_moblin_projectile_0
     00000003  b_activate_actor                   actor
     00000003  b_activate_actors_in_col           actor
     00000003  b_activate_actors_in_row           actor
     00000003  b_actor_at_tile                    actor
     00000003  b_actor_get_frame_offset           actor
     00000003  b_actor_in_front_of_player         actor
     00000003  b_actor_overlapping_bb             actor
     00000003  b_actor_overlapping_player         actor
     00000003  b_actor_set_anim_idle              actor
     00000003  b_actor_set_anim_moving            actor
     00000003  b_actor_set_dir                    actor
     00000003  b_actor_set_frame_offset           actor
     00000003  b_actor_set_frames                 actor
     00000003  b_actors_handle_player_collision   actor
ASxxxx Linker V03.00/V05.40 + sdld,  page 4.
Hexadecimal  [32-Bits]

Area                                    Addr        Size        Decimal Bytes (Attributes)
--------------------------------        ----        ----        ------- ----- ------------
.  .ABS.                            00000000    00000000 =           0. bytes (ABS,CON)

      Value  Global                              Global Defined In Module
      -----  --------------------------------   ------------------------
     00000003  b_actors_init                      actor
     00000003  b_check_collision_in_direction     actor
     00000003  b_deactivate_actor                 actor
     00000003  b_platform_init                    platform
     00000003  b_platform_update                  platform
     00000003  b_player_init                      actor
     00000003  b_vm_actor_activate                vm_actor
     00000003  b_vm_actor_begin_update            vm_actor
     00000003  b_vm_actor_deactivate              vm_actor
     00000003  b_vm_actor_emote                   vm_actor
     00000003  b_vm_actor_get_angle               vm_actor
     00000003  b_vm_actor_get_anim_frame          vm_actor
     00000003  b_vm_actor_get_dir                 vm_actor
     00000003  b_vm_actor_get_pos                 vm_actor
     00000003  b_vm_actor_move_cancel             vm_actor
     00000003  b_vm_actor_move_to                 vm_actor
     00000003  b_vm_actor_replace_tile            vm_actor
     00000003  b_vm_actor_set_anim                vm_actor
     00000003  b_vm_actor_set_anim_frame          vm_actor
     00000003  b_vm_actor_set_anim_set            vm_actor
     00000003  b_vm_actor_set_anim_tick           vm_actor
     00000003  b_vm_actor_set_bounds              vm_actor
     00000003  b_vm_actor_set_dir                 vm_actor
     00000003  b_vm_actor_set_flags               vm_actor
     00000003  b_vm_actor_set_move_speed          vm_actor
     00000003  b_vm_actor_set_pos                 vm_actor
     00000003  b_vm_actor_set_spritesheet         vm_actor
     00000003  b_vm_actor_set_spritesheet_by_re   vm_actor
     00000003  b_vm_actor_terminate_update        vm_actor
     00000003  l__HEADER9                      
     00000003  l__HEADER_LCD0                  
     00000003  l__HRAM12                       
     00000004  ___bank_SGB_border_chr             border
     00000004  ___bank_SGB_border_map             border
     00000004  ___bank_SGB_border_pal             border
     00000004  ___bank_VM_PALETTE                 vm_palette
     00000004  ___bank_VM_UI                      vm_ui
     00000004  ___bank_font_gbs_mono              font_gbs_mono
     00000004  ___bank_sprite_items_bomb          sprite_items_bomb
     00000004  __start_save                    
     00000004  b_adventure_init                   adventure
     00000004  b_adventure_update                 adventure
     00000004  b_projectile_launch                projectiles
     00000004  b_projectiles_init                 projectiles
     00000004  b_scroll_init                      scroll
     00000004  b_scroll_repaint                   scroll
     00000004  b_scroll_reset                     scroll
     00000004  b_scroll_update                    scroll
     00000004  b_shmup_init                       shmup
     00000004  b_shmup_update                     shmup
     00000004  b_vm_choice                        vm_ui
ASxxxx Linker V03.00/V05.40 + sdld,  page 5.
Hexadecimal  [32-Bits]

Area                                    Addr        Size        Decimal Bytes (Attributes)
--------------------------------        ----        ----        ------- ----- ------------
.  .ABS.                            00000000    00000000 =           0. bytes (ABS,CON)

      Value  Global                              Global Defined In Module
      -----  --------------------------------   ------------------------
     00000004  b_vm_display_text                  vm_ui
     00000004  b_vm_load_palette                  vm_palette
     00000004  b_vm_overlay_clear                 vm_ui
     00000004  b_vm_overlay_move_to               vm_ui
     00000004  b_vm_overlay_scroll                vm_ui
     00000004  b_vm_overlay_set_map               vm_ui
     00000004  b_vm_overlay_set_scroll            vm_ui
     00000004  b_vm_overlay_set_submap            vm_ui
     00000004  b_vm_overlay_set_submap_ex         vm_ui
     00000004  b_vm_overlay_setpos                vm_ui
     00000004  b_vm_overlay_show                  vm_ui
     00000004  b_vm_overlay_wait                  vm_ui
     00000004  b_vm_set_font                      vm_ui
     00000004  b_vm_set_text_sound                vm_ui
     00000004  b_vm_switch_text_layer             vm_ui
     00000004  l__CRASH_HEADER1                
     00000004  l__HEADER_SIO0                  
     00000004  l__HEADER_TIMER0                
     00000005  ___bank_VM_CAMERA                  vm_camera
     00000005  ___bank_VM_GAMEBOY                 vm_gameboy
     00000005  ___bank_VM_MATH                    vm_math
     00000005  ___bank_VM_MUSIC                   vm_music
     00000005  ___bank_VM_PROJECTILE              vm_projectiles
     00000005  ___bank_VM_RTC                     vm_rtc
     00000005  ___bank_VM_SIO                     vm_sio
     00000005  ___bank_scene_1_actors             scene_1_actors
     00000005  ___bank_sprite_actor_animated      sprite_actor_animated
     00000005  ___bank_sprite_actor_animated_ti   sprite_actor_animated_tilese
     00000005  ___bank_sprite_darknut_tileset     sprite_darknut_tileset
     00000005  ___bank_sprite_items_bomb_tilese   sprite_items_bomb_tileset
     00000005  ___bank_sprite_moblin_tileset      sprite_moblin_tileset
     00000005  ___bank_sprite_octorok_tileset     sprite_octorok_tileset
     00000005  b_CGBZeroPalette                   palette
     00000005  b_SGBTransferPalettes              palette
     00000005  b___HandleCrash_banked             
     00000005  b_atan2                            math_atan2
     00000005  b_camera_shake_frames              vm_camera
     00000005  b_core_reset                       core
     00000005  b_core_run                         core
     00000005  b_data_clear                       load_save
     00000005  b_data_init                        load_save
     00000005  b_data_load                        load_save
     00000005  b_data_peek                        load_save
     00000005  b_data_save                        load_save
     00000005  b_erase_flash                      
     00000005  b_fade_applypalettechange          fade_manager
     00000005  b_fade_in                          fade_manager
     00000005  b_fade_in_modal                    fade_manager
     00000005  b_fade_init                        fade_manager
     00000005  b_fade_out                         fade_manager
     00000005  b_fade_out_modal                   fade_manager
ASxxxx Linker V03.00/V05.40 + sdld,  page 6.
Hexadecimal  [32-Bits]

Area                                    Addr        Size        Decimal Bytes (Attributes)
--------------------------------        ----        ----        ------- ----- ------------
.  .ABS.                            00000000    00000000 =           0. bytes (ABS,CON)

      Value  Global                              Global Defined In Module
      -----  --------------------------------   ------------------------
     00000005  b_fade_setspeed                    fade_manager
     00000005  b_fade_update                      fade_manager
     00000005  b_gbprinter_detect                 gbprinter
     00000005  b_gbprinter_print_overlay          gbprinter
     00000005  b_itoa_fmt                         vm_ui_a
     00000005  b_music_events_poll                music_manager
     00000005  b_music_init_driver                music_manager
     00000005  b_music_init_events                music_manager
     00000005  b_palette_init                     palette
     00000005  b_pointnclick_init                 pointnclick
     00000005  b_pointnclick_update               pointnclick
     00000005  b_save_sram_banks                  
     00000005  b_set_sgb_border                   sgb_border
     00000005  b_topdown_init                     topdown
     00000005  b_topdown_update                   topdown
     00000005  b_trigger_activate_at              trigger
     00000005  b_trigger_activate_at_intersecti   trigger
     00000005  b_trigger_at_intersection          trigger
     00000005  b_trigger_at_tile                  trigger
     00000005  b_trigger_interact                 trigger
     00000005  b_trigger_reset                    trigger
     00000005  b_vm_camera_move_to                vm_camera
     00000005  b_vm_camera_set_pos                vm_camera
     00000005  b_vm_context_prepare               vm_gameboy
     00000005  b_vm_cos_scale                     vm_math
     00000005  b_vm_fade                          vm_gameboy
     00000005  b_vm_get_tile_xy                   vm_gameboy
     00000005  b_vm_input_attach                  vm_gameboy
     00000005  b_vm_input_detach                  vm_gameboy
     00000005  b_vm_input_get                     vm_gameboy
     00000005  b_vm_input_wait                    vm_gameboy
     00000005  b_vm_load_tiles                    vm_gameboy
     00000005  b_vm_load_tileset                  vm_gameboy
     00000005  b_vm_music_mute                    vm_music
     00000005  b_vm_music_play                    vm_music
     00000005  b_vm_music_routine                 vm_music
     00000005  b_vm_music_setpos                  vm_music
     00000005  b_vm_music_stop                    vm_music
     00000005  b_vm_poll                          vm_gameboy
     00000005  b_vm_projectile_launch             vm_projectiles
     00000005  b_vm_projectile_load_type          vm_projectiles
     00000005  b_vm_replace_tile                  vm_gameboy
     00000005  b_vm_replace_tile_xy               vm_gameboy
     00000005  b_vm_rtc_get                       vm_rtc
     00000005  b_vm_rtc_latch                     vm_rtc
     00000005  b_vm_rtc_set                       vm_rtc
     00000005  b_vm_rtc_start                     vm_rtc
     00000005  b_vm_rumble                        vm_gameboy
     00000005  b_vm_set_sprite_mode               vm_gameboy
     00000005  b_vm_set_sprites_visible           vm_gameboy
     00000005  b_vm_sfx_play                      vm_music
ASxxxx Linker V03.00/V05.40 + sdld,  page 7.
Hexadecimal  [32-Bits]

Area                                    Addr        Size        Decimal Bytes (Attributes)
--------------------------------        ----        ----        ------- ----- ------------
.  .ABS.                            00000000    00000000 =           0. bytes (ABS,CON)

      Value  Global                              Global Defined In Module
      -----  --------------------------------   ------------------------
     00000005  b_vm_sin_scale                     vm_math
     00000005  b_vm_sio_exchange                  vm_sio
     00000005  b_vm_sio_set_mode                  vm_sio
     00000005  b_vm_sound_mastervol               vm_music
     00000005  b_vm_timer_prepare                 vm_gameboy
     00000005  b_vm_timer_reset                   vm_gameboy
     00000005  b_vm_timer_set                     vm_gameboy
     00000005  b_vm_timer_stop                    vm_gameboy
     00000005  l__CRASH_HEADER0                
     00000005  l__HEADER1                      
     00000006  ___bank_VM_LOAD_SAVE               vm_load_save
     00000006  ___bank_VM_SCENE                   vm_scene
     00000006  ___bank_actor_0_update             actor_0_update
     00000006  ___bank_actor_1_update             actor_1_update
     00000006  ___bank_actor_2_update             actor_2_update
     00000006  ___bank_actor_3_update             actor_3_update
     00000006  ___bank_actor_4_update             actor_4_update
     00000006  ___bank_actor_5_update             actor_5_update
     00000006  ___bank_actor_7_interact           actor_7_interact
     00000006  ___bank_actor_8_interact           actor_8_interact
     00000006  ___bank_actor_9_interact           actor_9_interact
     00000006  ___bank_bg_map                     bg_map
     00000006  ___bank_bootstrap_script           
     00000006  ___bank_cursor_image               cursor_image
     00000006  ___bank_frame_image                frame_image
     00000006  ___bank_palette_0                  palette_0
     00000006  ___bank_palette_1                  palette_1
     00000006  ___bank_scene_1                    scene_1
     00000006  ___bank_scene_1_init               scene_1_init
     00000006  ___bank_scene_1_projectiles        scene_1_projectiles
     00000006  ___bank_scene_1_sprites            scene_1_sprites
     00000006  ___bank_script_1                   script_1
     00000006  ___bank_script_3                   script_3
     00000006  ___bank_script_4                   script_4
     00000006  ___bank_script_engine_init         
     00000006  ___bank_script_timer_0             script_timer_0
     00000006  ___bank_sprite_darknut             sprite_darknut
     00000006  ___bank_sprite_items_bottle        sprite_items_bottle
     00000006  ___bank_sprite_items_bottle_tile   sprite_items_bottle_tileset
     00000006  ___bank_sprite_moblin              sprite_moblin
     00000006  ___bank_sprite_moblin_projectile   sprite_moblin_projectile_0_t
     00000006  ___bank_sprite_octorok             sprite_octorok
     00000006  ___bank_sprite_octorok_projectil   sprite_octorok_projectile
     00000006  ___bank_sprite_octorok_projectil   sprite_octorok_projectile_ti
     00000006  ___bank_sprite_projectiles_fire    sprite_projectiles_fire
     00000006  ___bank_sprite_projectiles_fire_   sprite_projectiles_fire_tile
     00000006  ___bank_spritesheet_none           spritesheet_none
     00000006  b_SIO_init                         sio
     00000006  b_camera_init                      camera
     00000006  b_camera_reset                     camera
     00000006  b_events_init                      events
ASxxxx Linker V03.00/V05.40 + sdld,  page 8.
Hexadecimal  [32-Bits]

Area                                    Addr        Size        Decimal Bytes (Attributes)
--------------------------------        ----        ----        ------- ----- ------------
.  .ABS.                            00000000    00000000 =           0. bytes (ABS,CON)

      Value  Global                              Global Defined In Module
      -----  --------------------------------   ------------------------
     00000006  b_input_init                       input
     00000006  b_remove_LCD_ISRs                  interrupts
     00000006  b_restore_sram                     flasher
     00000006  b_restore_sram_bank                flasher
     00000006  b_save_sram                        flasher
     00000006  b_scroll_rect                      
     00000006  b_timers_init                      events
     00000006  b_vm_save_clear                    vm_load_save
     00000006  b_vm_save_peek                     vm_load_save
     00000006  b_vm_scene_pop                     vm_scene
     00000006  b_vm_scene_pop_all                 vm_scene
     00000006  b_vm_scene_push                    vm_scene
     00000006  b_vm_scene_stack_reset             vm_scene
     00000006  l__HEADER8                      
     00000007  l__HEADER2                      
     00000008  l__HEADER3                      
     0000001A  l__INITIALIZED                  
     0000001A  l__INITIALIZER                  
     0000002D  l__GSINIT                       
     00000030  l__HEADER7                      
     00000060  l__HEADER4                      
     00000080  ___size_SGB_border_pal             border
     000000AB  l__HEADER11                     
     000001CB  l__CRASH_SCRATCH2               
     00000200  s__CODE                         
     00000700  ___size_SGB_border_map             border
     00000760  ___size_SGB_border_chr             border
     00000956  l__CODE                         
     00000A64  l__CODE_6                       
     00000B56  s__HOME                         
     00001971  l__DATA                         
     00002000  _rROMB0                            
     00002B0D  l__HOME                         
     00003000  _rROMB1                            
     00003663  s__BASE                         
     00003663  s__CODE_0                       
     00003663  s__INITIALIZER                  
     00003663  s__LIT                          
     0000367D  s__GSINIT                       
     000036AA  s__GSFINAL                      
     00003FF3  l__CODE_1                       
     00003FFC  l__CODE_3                       
     00003FFE  l__CODE_4                       
     00003FFF  l__CODE_5                       
     00004000  _RTC_SELECT_REG                    vm_rtc
     00004000  _rRAMB                             
     00004000  l__CODE_2                       
     00006000  _RTC_LATCH_REG                     vm_rtc
     00008000  __VRAM                             
     00008000  __VRAM8000                         
     00008800  __VRAM8800                         
ASxxxx Linker V03.00/V05.40 + sdld,  page 9.
Hexadecimal  [32-Bits]

Area                                    Addr        Size        Decimal Bytes (Attributes)
--------------------------------        ----        ----        ------- ----- ------------
.  .ABS.                            00000000    00000000 =           0. bytes (ABS,CON)

      Value  Global                              Global Defined In Module
      -----  --------------------------------   ------------------------
     00009000  __VRAM9000                         
     00009800  __SCRN0                            
     00009C00  __SCRN1                            
     0000A000  _RTC_VALUE_REG                     vm_rtc
     0000A000  __SRAM                             
     0000C000  __RAM                              
     0000C000  _shadow_OAM                     
     0000C0A0  s__DATA                         
     0000D000  __RAMBANK                          
     0000DA11  s__BSS                          
     0000DA11  s__INITIALIZED                  
     0000DA2B  s__HEAP                         
     0000DA2B  s__HEAP_END                     
     0000DF00  .STACK                          
     0000DF00  _shadow_OAM2                       absolute
     0000DFA0  _BkgPalette                        absolute
     0000DFE0  _vwf_tile_data                     absolute
     0000FE00  __OAMRAM                           
     0000FF00  _P1_REG                            
     0000FF00  __IO                               
     0000FF01  _SB_REG                            
     0000FF02  _SC_REG                            
     0000FF04  _DIV_REG                           
     0000FF05  _TIMA_REG                          
     0000FF06  _TMA_REG                           
     0000FF07  _TAC_REG                           
     0000FF0F  _IF_REG                            
     0000FF10  _NR10_REG                          
     0000FF11  _NR11_REG                          
     0000FF12  _NR12_REG                          
     0000FF13  _NR13_REG                          
     0000FF14  _NR14_REG                          
     0000FF16  _NR21_REG                          
     0000FF17  _NR22_REG                          
     0000FF18  _NR23_REG                          
     0000FF19  _NR24_REG                          
     0000FF1A  _NR30_REG                          
     0000FF1B  _NR31_REG                          
     0000FF1C  _NR32_REG                          
     0000FF1D  _NR33_REG                          
     0000FF1E  _NR34_REG                          
     0000FF20  _NR41_REG                          
     0000FF21  _NR42_REG                          
     0000FF22  _NR43_REG                          
     0000FF23  _NR44_REG                          
     0000FF24  _NR50_REG                          
     0000FF25  _NR51_REG                          
     0000FF26  _NR52_REG                          
     0000FF30  _AUD3WAVE                          
     0000FF30  _PCM_SAMPLE                        
     0000FF30  __AUD3WAVERAM                      
ASxxxx Linker V03.00/V05.40 + sdld,  page 10.
Hexadecimal  [32-Bits]

Area                                    Addr        Size        Decimal Bytes (Attributes)
--------------------------------        ----        ----        ------- ----- ------------
.  .ABS.                            00000000    00000000 =           0. bytes (ABS,CON)

      Value  Global                              Global Defined In Module
      -----  --------------------------------   ------------------------
     0000FF40  _LCDC_REG                          
     0000FF41  _STAT_REG                          
     0000FF42  _SCY_REG                           
     0000FF43  _SCX_REG                           
     0000FF44  _LY_REG                            
     0000FF45  _LYC_REG                           
     0000FF46  _DMA_REG                           
     0000FF47  _BGP_REG                           
     0000FF48  _OBP0_REG                          
     0000FF49  _OBP1_REG                          
     0000FF4A  _WY_REG                            
     0000FF4B  _WX_REG                            
     0000FF4D  _KEY1_REG                          
     0000FF4F  _VBK_REG                           
     0000FF51  _HDMA1_REG                         
     0000FF52  _HDMA2_REG                         
     0000FF53  _HDMA3_REG                         
     0000FF54  _HDMA4_REG                         
     0000FF55  _HDMA5_REG                         
     0000FF56  _RP_REG                            
     0000FF68  _BCPS_REG                          
     0000FF69  _BCPD_REG                          
     0000FF6A  _OCPS_REG                          
     0000FF6B  _OCPD_REG                          
     0000FF70  _SVBK_REG                          
     0000FF76  _PCM12_REG                         
     0000FF77  _PCM34_REG                         
     0000FF80  .refresh_OAM                    
     0000FF80  __HRAM                             
     0000FFFF  _IE_REG                            
     00014000  s__CODE_1                       
     00024000  s__CODE_2                       
     00034000  s__CODE_3                       
     00044000  s__CODE_4                       
     00054000  s__CODE_5                       
     00064000  s__CODE_6                       

ASxxxx Linker V03.00/V05.40 + sdld,  page 11.
Hexadecimal  [32-Bits]

Area                                    Addr        Size        Decimal Bytes (Attributes)
--------------------------------        ----        ----        ------- ----- ------------
_CODE                               00000200    00000956 =        2390. bytes (REL,CON)

      Value  Global                              Global Defined In Module
      -----  --------------------------------   ------------------------
     00000200  ___HandleCrash                     
     0000020A  _SIO_send_byte                     
     0000021D  _SIO_receive                       
     0000022E  _GetWinAddr                        
     00000236  _GetBkgAddr                        
     00000244  _state_init                        
     00000249  _state_update                      
     0000026B  _ui_time_masks                     
     00000273  _ui_print_shift_char               
     000002F6  _ui_draw_frame_row                 
     000002FF  .ui_draw_frame_row                 
     00000328  _script_cmds                       vm_instructions
     00000560  _save_signature                    game_signature
     00000564  _start_scene_x                     
     00000566  _start_scene_y                     
     00000568  _start_scene_dir                   
     00000569  _start_scene                       
     0000056C  _start_player_move_speed           
     0000056D  _start_player_anim_tick            
     0000056E  _ui_fonts                          
     00000571  _core_reset_hook                   main
     00000579  _main                              main
     00000581  _state_start_fns                   
     00000593  _state_update_fns                  
     000005A5  _get_vram_byte                     
     000005AD  _get_win_tile_xy                   
     000005B5  _get_bkg_tile_xy                   
     000005DC  _set_sprite_palette                CGB
     000005E1  _set_bkg_palette                   CGB
     000005E4  .set_palette                       CGB
     00000603  _set_sprite_palette_entry          CGB
     00000608  _set_bkg_palette_entry             CGB
     0000060B  .set_palette_entry                 CGB
     00000644  gbt_get_pattern_ptr_banked         
     00000663  _gbt_play                          
     0000071E  _gbt_pause                         
     0000072F  _gbt_loop                          
     00000736  _gbt_stop                          
     00000741  _gbt_enable_channels               
     00000748  _gbt_update                        
     0000084D  _hide_sprites_range                Metasprites
     0000087C  __mulsuchar                        mul
     0000087F  __muluschar                        mul
     00000888  __mulschar                         mul
     00000890  __mulint                           mul
     000008AF  __muluchar                         mul
     000008C1  _set_vram_byte                     
     000008CA  _set_win_tile_xy                   
     000008D2  _set_bkg_tile_xy                   
     000008FC  .sgb_check                         
ASxxxx Linker V03.00/V05.40 + sdld,  page 12.
Hexadecimal  [32-Bits]

Area                                    Addr        Size        Decimal Bytes (Attributes)
--------------------------------        ----        ----        ------- ----- ------------
_CODE                               00000200    00000956 =        2390. bytes (REL,CON)

      Value  Global                              Global Defined In Module
      -----  --------------------------------   ------------------------
     000008FC  _sgb_check                         
     00000944  _sgb_transfer                      
     00000949  .sgb_transfer                      
     0000098A  .copy_vram                         
     00000990  _get_data                          
     00000990  _set_data                          
     00000990  _vmemcpy                           
     000009DE  ___move_metasprite                 Metasprites
     00000A1B  ___memcpy                          
     00000A1B  _memcpy                            
     00000A4D  _cpu_slow                          CGB
     00000A68  _cpu_fast                          CGB
     00000A6F  __divsuchar                        divmod
     00000A75  __modsuchar                        divmod
     00000A7E  __divuschar                        divmod
     00000A87  __moduschar                        divmod
     00000A93  __divschar                         divmod
     00000A98  __modschar                         divmod
     00000A9F  __divsint                          divmod
     00000AA8  __modsint                          divmod
     00000AB4  __divuchar                         divmod
     00000AB9  __moduchar                         divmod
     00000AC0  __divuint                          divmod
     00000AC9  __moduint                          divmod
     00000AD5  .div8                              divmod
     00000AD5  .mod8                              divmod
     00000ADD  .div16                             divmod
     00000ADD  .mod16                             divmod
     00000B13  .divu8                             divmod
     00000B13  .modu8                             divmod
     00000B16  .divu16                            divmod
     00000B16  .modu16                            divmod

ASxxxx Linker V03.00/V05.40 + sdld,  page 13.
Hexadecimal  [32-Bits]

Area                                    Addr        Size        Decimal Bytes (Attributes)
--------------------------------        ----        ----        ------- ----- ------------
_HEADER0                            00000000    00000001 =           1. bytes (ABS,CON)

      Value  Global                              Global Defined In Module
      -----  --------------------------------   ------------------------
     00000020  .call_hl                           Runtime

ASxxxx Linker V03.00/V05.40 + sdld,  page 14.
Hexadecimal  [32-Bits]

Area                                    Addr        Size        Decimal Bytes (Attributes)
--------------------------------        ----        ----        ------- ----- ------------
_HEADER1                            00000000    00000005 =           5. bytes (ABS,CON)

      Value  Global                              Global Defined In Module
      -----  --------------------------------   ------------------------
     00000028  .MemsetSmall                       Runtime

ASxxxx Linker V03.00/V05.40 + sdld,  page 15.
Hexadecimal  [32-Bits]

Area                                    Addr        Size        Decimal Bytes (Attributes)
--------------------------------        ----        ----        ------- ----- ------------
_HEADER2                            00000000    00000007 =           7. bytes (ABS,CON)

      Value  Global                              Global Defined In Module
      -----  --------------------------------   ------------------------
     00000030  .MemcpySmall                       Runtime

ASxxxx Linker V03.00/V05.40 + sdld,  page 16.
Hexadecimal  [32-Bits]

Area                                    Addr        Size        Decimal Bytes (Attributes)
--------------------------------        ----        ----        ------- ----- ------------
_HEADER3                            00000000    00000008 =           8. bytes (ABS,CON)

      Value  Global                              Global Defined In Module
      -----  --------------------------------   ------------------------
ASxxxx Linker V03.00/V05.40 + sdld,  page 17.
Hexadecimal  [32-Bits]

Area                                    Addr        Size        Decimal Bytes (Attributes)
--------------------------------        ----        ----        ------- ----- ------------
_HEADER4                            00000000    00000060 =          96. bytes (ABS,CON)

      Value  Global                              Global Defined In Module
      -----  --------------------------------   ------------------------
     00000080  .int                               Runtime
     0000008F  _wait_int_handler                  Runtime
     0000009C  __standard_VBL_handler             Runtime
     000000AB  _refresh_OAM                       Runtime
     000000CC  _set_interrupts                    Runtime

ASxxxx Linker V03.00/V05.40 + sdld,  page 18.
Hexadecimal  [32-Bits]

Area                                    Addr        Size        Decimal Bytes (Attributes)
--------------------------------        ----        ----        ------- ----- ------------
_HEADER5                            00000000    00000001 =           1. bytes (ABS,CON)

      Value  Global                              Global Defined In Module
      -----  --------------------------------   ------------------------
ASxxxx Linker V03.00/V05.40 + sdld,  page 19.
Hexadecimal  [32-Bits]

Area                                    Addr        Size        Decimal Bytes (Attributes)
--------------------------------        ----        ----        ------- ----- ------------
_HEADER6                            00000000    00000002 =           2. bytes (ABS,CON)

      Value  Global                              Global Defined In Module
      -----  --------------------------------   ------------------------
ASxxxx Linker V03.00/V05.40 + sdld,  page 20.
Hexadecimal  [32-Bits]

Area                                    Addr        Size        Decimal Bytes (Attributes)
--------------------------------        ----        ----        ------- ----- ------------
_HEADER7                            00000000    00000030 =          48. bytes (ABS,CON)

      Value  Global                              Global Defined In Module
      -----  --------------------------------   ------------------------
ASxxxx Linker V03.00/V05.40 + sdld,  page 21.
Hexadecimal  [32-Bits]

Area                                    Addr        Size        Decimal Bytes (Attributes)
--------------------------------        ----        ----        ------- ----- ------------
_HEADER8                            00000000    00000006 =           6. bytes (ABS,CON)

      Value  Global                              Global Defined In Module
      -----  --------------------------------   ------------------------
ASxxxx Linker V03.00/V05.40 + sdld,  page 22.
Hexadecimal  [32-Bits]

Area                                    Addr        Size        Decimal Bytes (Attributes)
--------------------------------        ----        ----        ------- ----- ------------
_HEADER9                            00000000    00000003 =           3. bytes (ABS,CON)

      Value  Global                              Global Defined In Module
      -----  --------------------------------   ------------------------
ASxxxx Linker V03.00/V05.40 + sdld,  page 23.
Hexadecimal  [32-Bits]

Area                                    Addr        Size        Decimal Bytes (Attributes)
--------------------------------        ----        ----        ------- ----- ------------
_HEADERa                            00000000    00000001 =           1. bytes (ABS,CON)

      Value  Global                              Global Defined In Module
      -----  --------------------------------   ------------------------
ASxxxx Linker V03.00/V05.40 + sdld,  page 24.
Hexadecimal  [32-Bits]

Area                                    Addr        Size        Decimal Bytes (Attributes)
--------------------------------        ----        ----        ------- ----- ------------
_HEADERb                            00000000    00000001 =           1. bytes (ABS,CON)

      Value  Global                              Global Defined In Module
      -----  --------------------------------   ------------------------
ASxxxx Linker V03.00/V05.40 + sdld,  page 25.
Hexadecimal  [32-Bits]

Area                                    Addr        Size        Decimal Bytes (Attributes)
--------------------------------        ----        ----        ------- ----- ------------
_HEADERc                            00000000    00000001 =           1. bytes (ABS,CON)

      Value  Global                              Global Defined In Module
      -----  --------------------------------   ------------------------
ASxxxx Linker V03.00/V05.40 + sdld,  page 26.
Hexadecimal  [32-Bits]

Area                                    Addr        Size        Decimal Bytes (Attributes)
--------------------------------        ----        ----        ------- ----- ------------
_HEADERd                            00000000    00000002 =           2. bytes (ABS,CON)

      Value  Global                              Global Defined In Module
      -----  --------------------------------   ------------------------
ASxxxx Linker V03.00/V05.40 + sdld,  page 27.
Hexadecimal  [32-Bits]

Area                                    Addr        Size        Decimal Bytes (Attributes)
--------------------------------        ----        ----        ------- ----- ------------
_HEADERe                            00000000    00000001 =           1. bytes (ABS,CON)

      Value  Global                              Global Defined In Module
      -----  --------------------------------   ------------------------
ASxxxx Linker V03.00/V05.40 + sdld,  page 28.
Hexadecimal  [32-Bits]

Area                                    Addr        Size        Decimal Bytes (Attributes)
--------------------------------        ----        ----        ------- ----- ------------
_HEADERf                            00000000    00000001 =           1. bytes (ABS,CON)

      Value  Global                              Global Defined In Module
      -----  --------------------------------   ------------------------
ASxxxx Linker V03.00/V05.40 + sdld,  page 29.
Hexadecimal  [32-Bits]

Area                                    Addr        Size        Decimal Bytes (Attributes)
--------------------------------        ----        ----        ------- ----- ------------
_HEADER10                           00000000    00000002 =           2. bytes (ABS,CON)

      Value  Global                              Global Defined In Module
      -----  --------------------------------   ------------------------
ASxxxx Linker V03.00/V05.40 + sdld,  page 30.
Hexadecimal  [32-Bits]

Area                                    Addr        Size        Decimal Bytes (Attributes)
--------------------------------        ----        ----        ------- ----- ------------
_HEADER11                           00000000    000000AB =         171. bytes (ABS,CON)

      Value  Global                              Global Defined In Module
      -----  --------------------------------   ------------------------
     00000150  .reset                             Runtime
     00000150  _reset                             Runtime
     00000157  .code_start                        Runtime
     000001B9  _exit                              Runtime
     000001BD  .wait_vbl_done                     Runtime
     000001BD  _vsync                             Runtime
     000001BD  _wait_vbl_done                     Runtime
     000001CD  .remove_VBL                        Runtime
     000001CD  _remove_VBL                        Runtime
     000001D0  .remove_int                        Runtime
     000001ED  .add_VBL                           Runtime
     000001ED  _add_VBL                           Runtime
     000001F0  .add_int                           Runtime

ASxxxx Linker V03.00/V05.40 + sdld,  page 31.
Hexadecimal  [32-Bits]

Area                                    Addr        Size        Decimal Bytes (Attributes)
--------------------------------        ----        ----        ------- ----- ------------
_HOME                               00000B56    00002B0D =       11021. bytes (REL,CON)

      Value  Global                              Global Defined In Module
      -----  --------------------------------   ------------------------
     00000B56  .memset_simple                     Runtime
     00000B5F  .memcpy_simple                     Runtime
     00000B7C  .display_off                       Runtime
     00000B7C  _display_off                       Runtime
     00000B94  _actors_update                     actor
     00000F93  _SetBankedBkgData                  bankdata
     00000FAF  _SetBankedSpriteData               bankdata
     00000FCB  _SetBankedBkgTiles                 bankdata
     00000FE7  _SetBankedWinTiles                 bankdata
     00001003  _ReadBankedFarPtr                  bankdata
     00001025  _ReadBankedUWORD                   bankdata
     0000103F  _MemcpyBanked                      bankdata
     00001061  _MemcpyVRAMBanked                  bankdata
     00001090  _IndexOfFarPtr                     bankdata
     00001115  _camera_update                     camera
     00001248  _load_animations                   data_manager
     000012A1  _events_update                     events
     00001374  _timers_update                     events
     000013FD  _input_update                      input
     00001423  .sio_ISR                           
     0000147D  .timer_ISR                         
     00001492  _simple_LCD_isr                    interrupts
     00001511  _fullscreen_LCD_isr                interrupts
     0000153D  _VBL_isr                           interrupts
     00001587  _isqrt                             math
     000015E4  _sine_wave                         math
     000016E4  _dir_lookup                        math
     000016EC  _dir_angle_lookup                  math
     000016F0  _music_events_update               music_manager
     00001772  _music_play_isr                    music_manager
     00001840  _parallax_LCD_isr                  parallax
     0000187D  _projectiles_update                projectiles
     00001CFE  _projectiles_render                projectiles
     00001E53  _scroll_load_pending_row           scroll
     00001ED9  _scroll_load_row                   scroll
     00001F4E  _scroll_load_col                   scroll
     00001FB7  _scroll_load_pending_col           scroll
     0000203F  _set_bkg_submap                    
     00002082  _set_xy_win_submap                 
     000020AF  .set_xy_win_submap                 
     000020B8  .set_xy_bkg_submap                 
     000020C7  .set_xy_submap                     
     00002111  _sfx_play_isr                      sfx_player
     000021EA  _on_SIO_receive                    sio
     0000222B  _SIO_update                        sio
     00002292  _ui_update                         ui
     000023CA  _vm_sgb_transfer                   vm_sgb
     00002417  _vm_load_text                      vm_ui
     0000266D  _vm_switch                         vm
     0000279E  _vm_beginthread                    vm
ASxxxx Linker V03.00/V05.40 + sdld,  page 32.
Hexadecimal  [32-Bits]

Area                                    Addr        Size        Decimal Bytes (Attributes)
--------------------------------        ----        ----        ------- ----- ------------
_HOME                               00000B56    00002B0D =       11021. bytes (REL,CON)

      Value  Global                              Global Defined In Module
      -----  --------------------------------   ------------------------
     000028C2  _vm_rpn                            vm
     0000309B  _vm_get_far                        vm
     00003109  _vm_call_native                    vm
     0000311C  _VM_STEP                           vm
     00003186  _script_runner_update              vm
     000032EB  _fill_win_rect                     
     000032FD  _rand                              
     000032FD  _randw                             
     00003328  _initrand                          
     0000332A  .initrand                          
     00003333  _get_bkg_data                      
     00003333  _get_win_data                      
     00003380  _get_sprite_data                   
     000033B3  _abs                               abs
     000033C2  _set_win_tiles                     
     000033D6  _set_tile_data                     
     000033DB  _set_bkg_data                      
     000033DB  _set_win_data                      
     000033E3  _set_sprite_data                   
     00003413  _reverse                           reverse
     00003447  ___call__banked                    far_ptr
     00003464  _to_far_ptr                        far_ptr
     0000349A  .add_LCD                           
     0000349A  _add_LCD                           
     000034A0  .remove_LCD                        
     000034A0  _remove_LCD                        
     000034A6  .fill_rect_wtt                     
     000034AF  .fill_rect_btt                     
     000034FC  _joypad_init                       
     0000354A  .joypad_ex                         
     0000354A  _joypad_ex                         
     00003595  _fill_bkg_rect                     
     000035A7  ___sdcc_call_hl                    call_hl
     000035A8  _memset                            memset
     000035DB  .set_xy_wtt                        SetTileMap
     000035E4  .set_xy_btt                        SetTileMap
     000035F3  .set_xy_tt                         SetTileMap
     00003635  ___sdcc_bcall_ehl                  
     0000364F  _set_bkg_tiles                     

ASxxxx Linker V03.00/V05.40 + sdld,  page 33.
Hexadecimal  [32-Bits]

Area                                    Addr        Size        Decimal Bytes (Attributes)
--------------------------------        ----        ----        ------- ----- ------------
_INITIALIZER                        00003663    0000001A =          26. bytes (REL,CON)

      Value  Global                              Global Defined In Module
      -----  --------------------------------   ------------------------
ASxxxx Linker V03.00/V05.40 + sdld,  page 34.
Hexadecimal  [32-Bits]

Area                                    Addr        Size        Decimal Bytes (Attributes)
--------------------------------        ----        ----        ------- ----- ------------
_GSINIT                             0000367D    0000002D =          45. bytes (REL,CON)

      Value  Global                              Global Defined In Module
      -----  --------------------------------   ------------------------
     0000367D  gsinit                             Runtime

ASxxxx Linker V03.00/V05.40 + sdld,  page 35.
Hexadecimal  [32-Bits]

Area                                    Addr        Size        Decimal Bytes (Attributes)
--------------------------------        ----        ----        ------- ----- ------------
_GSFINAL                            000036AA    00000001 =           1. bytes (REL,CON)

      Value  Global                              Global Defined In Module
      -----  --------------------------------   ------------------------
ASxxxx Linker V03.00/V05.40 + sdld,  page 36.
Hexadecimal  [32-Bits]

Area                                    Addr        Size        Decimal Bytes (Attributes)
--------------------------------        ----        ----        ------- ----- ------------
_DATA                               0000C0A0    00001971 =        6513. bytes (REL,CON)

      Value  Global                              Global Defined In Module
      -----  --------------------------------   ------------------------
     0000C0A0  __cpu                              Runtime
     0000C0A1  __is_GBA                           Runtime
     0000C0A2  .mode                              Runtime
     0000C0A3  .sys_time                          Runtime
     0000C0A3  _sys_time                          Runtime
     0000C0A5  .int_0x40                          Runtime
     0000C0B1  _actors                            actor
     0000C4F5  _actors_active_head                actor
     0000C4F7  _actors_active_tail                actor
     0000C4F9  _actors_inactive_head              actor
     0000C4FB  _screen_x                          actor
     0000C4FC  _screen_y                          actor
     0000C4FD  _invalid                           actor
     0000C4FF  _player_moving                     actor
     0000C500  _player_iframes                    actor
     0000C501  _player_collision_actor            actor
     0000C503  _emote_actor                       actor
     0000C505  _emote_timer                       actor
     0000C506  _allocated_sprite_tiles            actor
     0000C507  _allocated_hardware_sprites        actor
     0000C513  _camera_x                          camera
     0000C515  _camera_y                          camera
     0000C517  _camera_offset_x                   camera
     0000C518  _camera_offset_y                   camera
     0000C519  _camera_deadzone_x                 camera
     0000C51A  _camera_deadzone_y                 camera
     0000C51B  _camera_settings                   camera
     0000C51F  _current_scene                     data_manager
     0000C522  _image_bank                        data_manager
     0000C523  _image_ptr                         data_manager
     0000C525  _image_attr_bank                   data_manager
     0000C526  _image_attr_ptr                    data_manager
     0000C528  _collision_bank                    data_manager
     0000C529  _collision_ptr                     data_manager
     0000C52B  _image_tile_width                  data_manager
     0000C52C  _image_tile_height                 data_manager
     0000C52D  _image_width                       data_manager
     0000C52F  _image_height                      data_manager
     0000C531  _sprites_len                       data_manager
     0000C532  _actors_len                        data_manager
     0000C533  _projectiles_len                   data_manager
     0000C534  _player_sprite_len                 data_manager
     0000C535  _scene_type                        data_manager
     0000C536  _scene_LCD_type                    data_manager
     0000C537  _scene_stack                       data_manager
     0000C577  _scene_stack_ptr                   data_manager
     0000C579  _scene_sprites_base_tiles          data_manager
     0000C5B9  _input_events                      events
     0000C5E1  _input_slots                       events
     0000C5E9  _timer_events                      events
ASxxxx Linker V03.00/V05.40 + sdld,  page 37.
Hexadecimal  [32-Bits]

Area                                    Addr        Size        Decimal Bytes (Attributes)
--------------------------------        ----        ----        ------- ----- ------------
_DATA                               0000C0A0    00001971 =        6513. bytes (REL,CON)

      Value  Global                              Global Defined In Module
      -----  --------------------------------   ------------------------
     0000C5FD  _timer_values                      events
     0000C605  _fade_running                      fade_manager
     0000C606  _fade_frames_per_step              fade_manager
     0000C607  _fade_timer                        fade_manager
     0000C60F  _joypads                           input
     0000C614  _frame_joy                         input
     0000C615  _last_joy                          input
     0000C616  _recent_joy                        input
     0000C617  _SIO_status                        
     0000C618  _link_byte_sent                    
     0000C619  _link_next_mode                    
     0000C61A  _save_blob_size                    load_save
     0000C61C  _routine_queue                     music_manager
     0000C620  _routine_queue_head                music_manager
     0000C621  _routine_queue_tail                music_manager
     0000C622  _music_events                      music_manager
     0000C636  _music_current_track_bank          music_manager
     0000C637  _music_mute_mask                   music_manager
     0000C638  _music_effective_mute              music_manager
     0000C639  _music_next_track                  music_manager
     0000C63B  _music_current_track               music_manager
     0000C63D  _music_play_isr_counter            music_manager
     0000C63E  _music_play_isr_pause              music_manager
     0000C63F  _music_global_mute_mask            music_manager
     0000C640  _music_sfx_priority                music_manager
     0000C641  _DMG_palette                       palette
     0000C644  _SprPalette                        palette
     0000C684  _parallax_rows                     parallax
     0000C696  _parallax_row                      parallax
     0000C698  _projectiles                       projectiles
     0000C751  _projectile_defs                   projectiles
     0000C7C4  _projectiles_active_head           projectiles
     0000C7C6  _projectiles_inactive_head         projectiles
     0000C7CD  _scroll_x                          scroll
     0000C7CF  _scroll_y                          scroll
     0000C7D1  _draw_scroll_x                     scroll
     0000C7D3  _draw_scroll_y                     scroll
     0000C7D5  _scroll_x_max                      scroll
     0000C7D7  _scroll_y_max                      scroll
     0000C7D9  _scroll_offset_x                   scroll
     0000C7DA  _scroll_offset_y                   scroll
     0000C7DB  _pending_h_x                       scroll
     0000C7DC  _pending_h_y                       scroll
     0000C7DD  _pending_h_i                       scroll
     0000C7DE  _pending_w_x                       scroll
     0000C7DF  _pending_w_y                       scroll
     0000C7E0  _pending_w_i                       scroll
     0000C7E1  _current_row                       scroll
     0000C7E3  _new_row                           scroll
     0000C7E5  _current_col                       scroll
     0000C7E7  _new_col                           scroll
ASxxxx Linker V03.00/V05.40 + sdld,  page 38.
Hexadecimal  [32-Bits]

Area                                    Addr        Size        Decimal Bytes (Attributes)
--------------------------------        ----        ----        ------- ----- ------------
_DATA                               0000C0A0    00001971 =        6513. bytes (REL,CON)

      Value  Global                              Global Defined In Module
      -----  --------------------------------   ------------------------
     0000C7E9  .image_tile_width                  
     0000C7EA  _sfx_play_bank                     sfx_player
     0000C7EB  _sfx_play_sample                   sfx_player
     0000C7ED  _sfx_frame_skip                    sfx_player
     0000C7EE  _link_operation_mode               sio
     0000C7EF  _link_packet                       sio
     0000C80F  _link_packet_len                   sio
     0000C810  _link_packet_ptr                   sio
     0000C812  _link_packet_received              sio
     0000C813  _link_packet_snd_len               sio
     0000C814  _link_packet_snd_ptr               sio
     0000C816  _link_packet_sent                  sio
     0000C817  __is_CGB                           system
     0000C818  __is_SGB                           system
     0000C819  __current_ram_bank                 system
     0000C81A  _triggers                          trigger
     0000C912  _last_trigger_tx                   trigger
     0000C913  _last_trigger_ty                   trigger
     0000C914  _last_trigger                      trigger
     0000C915  _win_pos_x                         ui
     0000C916  _win_dest_pos_x                    ui
     0000C917  _win_pos_y                         ui
     0000C918  _win_dest_pos_y                    ui
     0000C919  _win_speed                         ui
     0000C91A  _text_drawn                        ui
     0000C91B  _current_text_speed                ui
     0000C91C  _text_wait                         ui
     0000C91D  _text_options                      ui
     0000C91E  _text_in_speed                     ui
     0000C91F  _text_out_speed                    ui
     0000C920  _text_draw_speed                   ui
     0000C921  _text_ff_joypad                    ui
     0000C922  _text_ff                           ui
     0000C923  _text_bkg_fill                     ui
     0000C924  _ui_text_data                      ui
     0000CA2E  _vwf_current_mask                  ui
     0000CA2F  _vwf_current_rotate                ui
     0000CA30  _vwf_inverse_map                   ui
     0000CA31  _vwf_direction                     ui
     0000CA32  _vwf_current_font_desc             ui
     0000CA3A  _vwf_current_font_bank             ui
     0000CA3B  _vwf_current_font_idx              ui
     0000CA3C  _text_render_base_addr             ui
     0000CA3E  _text_scroll_addr                  ui
     0000CA40  _text_scroll_width                 ui
     0000CA41  _text_scroll_height                ui
     0000CA42  _text_scroll_fill                  ui
     0000CA43  _text_sound_mask                   ui
     0000CA44  _text_sound_bank                   ui
     0000CA45  _text_sound_data                   ui
     0000CA47  _overlay_priority                  ui
ASxxxx Linker V03.00/V05.40 + sdld,  page 39.
Hexadecimal  [32-Bits]

Area                                    Addr        Size        Decimal Bytes (Attributes)
--------------------------------        ----        ----        ------- ----- ------------
_DATA                               0000C0A0    00001971 =        6513. bytes (REL,CON)

      Value  Global                              Global Defined In Module
      -----  --------------------------------   ------------------------
     0000CA48  _text_palette                      ui
     0000CA4F  __itoa_fmt_len                     vm_ui_a
     0000CA50  .itoa_fmt_buf                      vm_ui_a
     0000CA53  _CTXS                              vm
     0000CB83  _first_ctx                         vm
     0000CB85  _free_ctxs                         vm
     0000CB87  _old_executing_ctx                 vm
     0000CB89  _executing_ctx                     vm
     0000CB8B  _vm_lock_state                     vm
     0000CB8C  _vm_loaded_state                   vm
     0000CB8D  _vm_exception_code                 vm
     0000CB8E  _vm_exception_params_length        vm
     0000CB8F  _vm_exception_params_bank          vm
     0000CB90  _vm_exception_params_offset        vm
     0000CB93  _script_memory                     vm
     0000D999  _grounded                          platform
     0000D99A  _on_slope                          platform
     0000D99B  _slope_y                           platform
     0000D99C  _on_ladder                         platform
     0000D99D  _pl_vel_x                          platform
     0000D99F  _pl_vel_y                          platform
     0000D9A1  _plat_min_vel                      platform
     0000D9A3  _plat_walk_vel                     platform
     0000D9A5  _plat_climb_vel                    platform
     0000D9A7  _plat_run_vel                      platform
     0000D9A9  _plat_walk_acc                     platform
     0000D9AB  _plat_run_acc                      platform
     0000D9AD  _plat_dec                          platform
     0000D9AF  _plat_jump_vel                     platform
     0000D9B1  _plat_grav                         platform
     0000D9B3  _plat_hold_grav                    platform
     0000D9B5  _plat_max_fall_vel                 platform
     0000D9B7  _shooter_reached_end               shmup
     0000D9B8  _shooter_dest                      shmup
     0000D9BA  _shooter_direction                 shmup
     0000D9BB  _topdown_grid                      topdown
     0000D9BC  ___rand_seed                       
     0000D9BE  gbt_playing                        
     0000D9BF  gbt_song                           
     0000D9C1  gbt_bank                           
     0000D9C2  gbt_speed                          
     0000D9C3  gbt_temp_play_data                 
     0000D9CF  gbt_loop_enabled                   
     0000D9D0  gbt_ticks_elapsed                  
     0000D9D1  gbt_current_step                   
     0000D9D2  gbt_current_pattern                
     0000D9D3  gbt_current_step_data_ptr          
     0000D9D5  gbt_channels_enabled               
     0000D9D6  gbt_pan                            
     0000D9DA  gbt_vol                            
     0000D9DE  gbt_instr                          
ASxxxx Linker V03.00/V05.40 + sdld,  page 40.
Hexadecimal  [32-Bits]

Area                                    Addr        Size        Decimal Bytes (Attributes)
--------------------------------        ----        ----        ------- ----- ------------
_DATA                               0000C0A0    00001971 =        6513. bytes (REL,CON)

      Value  Global                              Global Defined In Module
      -----  --------------------------------   ------------------------
     0000D9E2  gbt_freq                           
     0000D9E8  __current_ch3_wave                 
     0000D9E8  __gbt_channel3_loaded_instrument   
     0000D9E8  gbt_channel3_loaded_instrument     
     0000D9E9  gbt_arpeggio_freq_index            
     0000D9F2  gbt_arpeggio_enabled               
     0000D9F5  gbt_arpeggio_tick                  
     0000D9F8  gbt_sweep                          
     0000D9FB  gbt_cut_note_tick                  
     0000D9FF  gbt_have_to_stop_next_step         
     0000DA00  gbt_update_pattern_pointers        
     0000DA01  ___call_banked_addr                far_ptr
     0000DA01  ___call_banked_ptr                 far_ptr
     0000DA03  ___call_banked_bank                far_ptr
     0000DA05  .int_0x48                          
     0000DA0D  ___current_metasprite              Metasprites
     0000DA0F  ___current_base_tile               Metasprites
     0000DA10  ___current_base_prop               Metasprites

ASxxxx Linker V03.00/V05.40 + sdld,  page 41.
Hexadecimal  [32-Bits]

Area                                    Addr        Size        Decimal Bytes (Attributes)
--------------------------------        ----        ----        ------- ----- ------------
_INITIALIZED                        0000DA11    0000001A =          26. bytes (REL,CON)

      Value  Global                              Global Defined In Module
      -----  --------------------------------   ------------------------
     0000DA11  _fade_style                        fade_manager
     0000DA12  _game_time                         game_time
     0000DA13  _PRN_PKT_START                     gbprinter
     0000DA21  _hide_sprites                      interrupts
     0000DA22  _show_actors_on_overlay            interrupts
     0000DA23  _overlay_cut_scanline              interrupts
     0000DA24  __submap_tile_offset               
     0000DA25  _triggers_len                      trigger
     0000DA26  _exchange_state                    vm_sio
     0000DA27  _last_hit_trigger                  pointnclick
     0000DA28  _shooter_scroll_speed              shmup
     0000DA29  ___render_shadow_OAM               Metasprites
     0000DA2A  __map_tile_offset                  SetTileMap

ASxxxx Linker V03.00/V05.40 + sdld,  page 42.
Hexadecimal  [32-Bits]

Area                                    Addr        Size        Decimal Bytes (Attributes)
--------------------------------        ----        ----        ------- ----- ------------
_HRAM12                             00000000    00000003 =           3. bytes (ABS,CON)

      Value  Global                              Global Defined In Module
      -----  --------------------------------   ------------------------
     0000FF90  __current_bank                     Runtime
     0000FF92  __shadow_OAM_base                  Runtime

ASxxxx Linker V03.00/V05.40 + sdld,  page 43.
Hexadecimal  [32-Bits]

Area                                    Addr        Size        Decimal Bytes (Attributes)
--------------------------------        ----        ----        ------- ----- ------------
_CODE_3                             00034000    00003FFC =       16380. bytes (REL,CON)

      Value  Global                              Global Defined In Module
      -----  --------------------------------   ------------------------
     00034000  ___func_ACTOR                      actor
     00034000  _actors_init                       actor
     0003403A  _emote_offsets                     actor
     00034049  _emote_metasprite                  actor
     00034055  _player_init                       actor
     0003406A  _deactivate_actor                  actor
     000341CB  _activate_actor                    actor
     0003430A  _activate_actors_in_row            actor
     00034401  _activate_actors_in_col            actor
     00034552  _actor_set_frames                  actor
     000345A8  _actor_set_frame_offset            actor
     000345E3  _actor_get_frame_offset            actor
     000345F5  _actor_set_anim_idle               actor
     00034623  _actor_set_anim_moving             actor
     00034654  _actor_set_dir                     actor
     000346B9  _actor_at_tile                     actor
     0003478D  _actor_in_front_of_player          actor
     00034841  _actor_overlapping_player          actor
     00034ADA  _actor_overlapping_bb              actor
     00034CF9  _actors_handle_player_collision    actor
     00034D85  _check_collision_in_direction      actor
     00035598  ___func_VM_ACTOR                   vm_actor
     00035598  _vm_actor_move_to                  vm_actor
     00035F34  _vm_actor_move_cancel              vm_actor
     00035F6A  _vm_actor_activate                 vm_actor
     00035FBB  _vm_actor_deactivate               vm_actor
     0003600C  _vm_actor_begin_update             vm_actor
     00036093  _vm_actor_terminate_update         vm_actor
     000360DA  _vm_actor_set_dir                  vm_actor
     00036123  _vm_actor_set_anim                 vm_actor
     000361B1  _vm_actor_set_pos                  vm_actor
     0003622B  _vm_actor_get_pos                  vm_actor
     0003629A  _vm_actor_get_dir                  vm_actor
     00036314  _vm_actor_get_angle                vm_actor
     00036395  _vm_actor_emote                    vm_actor
     00036459  _vm_actor_set_bounds               vm_actor
     000364B7  _vm_actor_set_spritesheet          vm_actor
     00036581  _vm_actor_replace_tile             vm_actor
     000365EC  _vm_actor_set_anim_tick            vm_actor
     0003662A  _vm_actor_set_move_speed           vm_actor
     00036668  _vm_actor_set_anim_frame           vm_actor
     000366AC  _vm_actor_get_anim_frame           vm_actor
     000366F6  _vm_actor_set_anim_set             vm_actor
     0003677E  _vm_actor_set_spritesheet_by_ref   vm_actor
     0003688B  _vm_actor_set_flags                vm_actor
     00036939  ___func_sprite_moblin_projectile   sprite_moblin_projectile_0
     00036939  _sprite_moblin_projectile_0_meta   sprite_moblin_projectile_0
     00036941  _sprite_moblin_projectile_0_meta   sprite_moblin_projectile_0
     0003694D  _sprite_moblin_projectile_0_meta   sprite_moblin_projectile_0
     00036955  _sprite_moblin_projectile_0_meta   sprite_moblin_projectile_0
ASxxxx Linker V03.00/V05.40 + sdld,  page 44.
Hexadecimal  [32-Bits]

Area                                    Addr        Size        Decimal Bytes (Attributes)
--------------------------------        ----        ----        ------- ----- ------------
_CODE_3                             00034000    00003FFC =       16380. bytes (REL,CON)

      Value  Global                              Global Defined In Module
      -----  --------------------------------   ------------------------
     00036961  _sprite_moblin_projectile_0_meta   sprite_moblin_projectile_0
     00036969  _sprite_moblin_projectile_0_anim   sprite_moblin_projectile_0
     00036979  _sprite_moblin_projectile_0_anim   sprite_moblin_projectile_0
     0003697B  _sprite_moblin_projectile_0        sprite_moblin_projectile_0
     0003698E  _platform_init                     platform
     00036B08  _platform_update                   platform

ASxxxx Linker V03.00/V05.40 + sdld,  page 45.
Hexadecimal  [32-Bits]

Area                                    Addr        Size        Decimal Bytes (Attributes)
--------------------------------        ----        ----        ------- ----- ------------
_CODE_6                             00064000    00000A64 =        2660. bytes (REL,CON)

      Value  Global                              Global Defined In Module
      -----  --------------------------------   ------------------------
     00064000  _bootstrap_script                  
     0006400B  _camera_init                       camera
     00064029  _camera_reset                      camera
     00064039  _events_init                       events
     00064079  _timers_init                       events
     000640B9  _restore_sram_bank                 flasher
     000640EF  _restore_sram                      flasher
     00064105  _save_sram                         flasher
     00064131  _input_init                        input
     0006415C  _remove_LCD_ISRs                   interrupts
     00064177  _scroll_rect                       
     000641B4  _SIO_init                          sio
     000641DD  ___func_VM_LOAD_SAVE               vm_load_save
     000641DD  _vm_save_clear                     vm_load_save
     000641EC  _vm_save_peek                      vm_load_save
     0006426E  ___func_VM_SCENE                   vm_scene
     0006426E  _vm_scene_push                     vm_scene
     000642E4  _vm_scene_pop                      vm_scene
     000642F2  _vm_scene_pop_all                  vm_scene
     000642FD  _vm_scene_stack_reset              vm_scene
     00064306  _actor_0_update                    actor_0_update
     00064318  _actor_1_update                    actor_1_update
     0006432A  _actor_2_update                    actor_2_update
     0006433C  _actor_3_update                    actor_3_update
     0006434E  _actor_4_update                    actor_4_update
     00064360  _actor_5_update                    actor_5_update
     00064372  _actor_7_interact                  actor_7_interact
     00064391  _actor_8_interact                  actor_8_interact
     000643B0  _actor_9_interact                  actor_9_interact
     000643CF  ___func_bg_map                     bg_map
     000643CF  _bg_map                            bg_map
     000643DD  ___func_cursor_image               cursor_image
     000643DD  _cursor_image                      cursor_image
     000643ED  ___func_frame_image                frame_image
     000643ED  _frame_image                       frame_image
     0006447D  ___func_palette_0                  palette_0
     0006447D  _palette_0                         palette_0
     000644C0  ___func_palette_1                  palette_1
     000644C0  _palette_1                         palette_1
     00064503  _scene_1_init                      scene_1_init
     0006455D  ___func_scene_1_projectiles        scene_1_projectiles
     0006455D  _scene_1_projectiles               scene_1_projectiles
     00064574  ___func_scene_1_sprites            scene_1_sprites
     00064574  _scene_1_sprites                   scene_1_sprites
     0006458C  ___func_scene_1                    scene_1
     0006458C  _scene_1                           scene_1
     000645C7  _script_1                          script_1
     0006461A  _script_3                          script_3
     00064629  _script_4                          script_4
     00064646  _script_engine_init                
ASxxxx Linker V03.00/V05.40 + sdld,  page 46.
Hexadecimal  [32-Bits]

Area                                    Addr        Size        Decimal Bytes (Attributes)
[...]
ASxxxx Linker V03.00/V05.40 + sdld,  page 59.
Hexadecimal  [32-Bits]

Area                                    Addr        Size        Decimal Bytes (Attributes)
--------------------------------        ----        ----        ------- ----- ------------
_CODE_1                             00014000    00003FF3 =       16371. bytes (REL,CON)

      Value  Global                              Global Defined In Module
      -----  --------------------------------   ------------------------
     00015928  _vm_lock                           vm
     00015937  _vm_unlock                         vm
     0001594A  _vm_raise                          vm
     0001598C  _vm_set_indirect                   vm
     00015A07  _vm_get_indirect                   vm
     00015A82  _vm_poll_loaded                    vm
     00015AB2  _vm_memset                         vm
     00015AEC  _vm_memcpy                         vm
     00015B69  _script_runner_init                vm
     00015C20  _script_execute                    vm
     00015D86  _script_terminate                  vm
     00015DEB  _script_detach_hthread             vm
     00015E27  ___func_bg_map_tilemap_attr        bg_map_tilemap_attr
     00015E27  _bg_map_tilemap_attr               bg_map_tilemap_attr
     000177EF  _logo_init                         logo
     000177FF  _logo_update                       logo
     0001791C  gbt_channel_1_handle               
     00017AF6  gbt_channel_2_handle               
     00017CC8  gbt_channel_3_handle               
     00017EA1  gbt_channel_4_handle               
     00017FBA  gbt_update_bank1                   
     00017FD6  gbt_update_effects_bank1           
ASxxxx Linker V03.00/V05.40 + sdld,  page 60.
Hexadecimal  [32-Bits]

Area                                    Addr        Size        Decimal Bytes (Attributes)
--------------------------------        ----        ----        ------- ----- ------------
_HEADER_LCD0                        00000000    00000003 =           3. bytes (ABS,CON)

      Value  Global                              Global Defined In Module
      -----  --------------------------------   ------------------------
ASxxxx Linker V03.00/V05.40 + sdld,  page 61.

Files Linked                              [ module(s) ]

C:\Users\jefma\AppData\Local\Temp/_gbstools/gbdk/lib/gb/crt0.o
                                          [ Runtime ]
C:/Users/jefma/AppData/Local/Temp/_gbsbuild/obj/absolute.rel
                                          [ absolute ]
C:/Users/jefma/AppData/Local/Temp/_gbsbuild/obj/actor.rel
                                          [ actor ]
C:/Users/jefma/AppData/Local/Temp/_gbsbuild/obj/bankdata.rel
                                          [ bankdata ]
C:/Users/jefma/AppData/Local/Temp/_gbsbuild/obj/bootstrap.rel
                                          [  ]
C:/Users/jefma/AppData/Local/Temp/_gbsbuild/obj/camera.rel
                                          [ camera ]
C:/Users/jefma/AppData/Local/Temp/_gbsbuild/obj/core.rel
                                          [ core ]
C:/Users/jefma/AppData/Local/Temp/_gbsbuild/obj/crash_handler.rel
                                          [  ]
C:/Users/jefma/AppData/Local/Temp/_gbsbuild/obj/data_manager.rel
                                          [ data_manager ]
C:/Users/jefma/AppData/Local/Temp/_gbsbuild/obj/events.rel
                                          [ events ]
C:/Users/jefma/AppData/Local/Temp/_gbsbuild/obj/fade_manager.rel
                                          [ fade_manager ]
C:/Users/jefma/AppData/Local/Temp/_gbsbuild/obj/flasher_s.rel
                                          [  ]
C:/Users/jefma/AppData/Local/Temp/_gbsbuild/obj/flasher.rel
                                          [ flasher ]
C:/Users/jefma/AppData/Local/Temp/_gbsbuild/obj/game_time.rel
                                          [ game_time ]
C:/Users/jefma/AppData/Local/Temp/_gbsbuild/obj/gbprinter.rel
                                          [ gbprinter ]
C:/Users/jefma/AppData/Local/Temp/_gbsbuild/obj/input.rel
                                          [ input ]
C:/Users/jefma/AppData/Local/Temp/_gbsbuild/obj/interrupt_sio.rel
                                          [  ]
C:/Users/jefma/AppData/Local/Temp/_gbsbuild/obj/interrupt_timer.rel
                                          [  ]
C:/Users/jefma/AppData/Local/Temp/_gbsbuild/obj/interrupts.rel
                                          [ interrupts ]
C:/Users/jefma/AppData/Local/Temp/_gbsbuild/obj/load_save.rel
                                          [ load_save ]
C:/Users/jefma/AppData/Local/Temp/_gbsbuild/obj/math_atan2.rel
                                          [ math_atan2 ]
C:/Users/jefma/AppData/Local/Temp/_gbsbuild/obj/math.rel
                                          [ math ]
C:/Users/jefma/AppData/Local/Temp/_gbsbuild/obj/music_manager.rel
                                          [ music_manager ]
C:/Users/jefma/AppData/Local/Temp/_gbsbuild/obj/palette.rel
                                          [ palette ]
C:/Users/jefma/AppData/Local/Temp/_gbsbuild/obj/parallax.rel
                                          [ parallax ]
C:/Users/jefma/AppData/Local/Temp/_gbsbuild/obj/projectiles.rel
                                          [ projectiles ]
C:/Users/jefma/AppData/Local/Temp/_gbsbuild/obj/scroll_a.rel
                                          [  ]
C:/Users/jefma/AppData/Local/Temp/_gbsbuild/obj/scroll.rel
                                          [ scroll ]
C:/Users/jefma/AppData/Local/Temp/_gbsbuild/obj/set_tile_submap.rel
                                          [  ]
C:/Users/jefma/AppData/Local/Temp/_gbsbuild/obj/sfx_player.rel
                                          [ sfx_player ]
C:/Users/jefma/AppData/Local/Temp/_gbsbuild/obj/sgb_border.rel
                                          [ sgb_border ]
C:/Users/jefma/AppData/Local/Temp/_gbsbuild/obj/sio.rel
                                          [ sio ]
C:/Users/jefma/AppData/Local/Temp/_gbsbuild/obj/states_caller.rel
                                          [  ]
C:/Users/jefma/AppData/Local/Temp/_gbsbuild/obj/system.rel
                                          [ system ]
C:/Users/jefma/AppData/Local/Temp/_gbsbuild/obj/trigger.rel
                                          [ trigger ]
C:/Users/jefma/AppData/Local/Temp/_gbsbuild/obj/ui_a.rel
                                          [  ]
C:/Users/jefma/AppData/Local/Temp/_gbsbuild/obj/ui.rel
                                          [ ui ]
C:/Users/jefma/AppData/Local/Temp/_gbsbuild/obj/vm_actor.rel
                                          [ vm_actor ]
C:/Users/jefma/AppData/Local/Temp/_gbsbuild/obj/vm_camera.rel
                                          [ vm_camera ]
C:/Users/jefma/AppData/Local/Temp/_gbsbuild/obj/vm_gameboy.rel
                                          [ vm_gameboy ]
C:/Users/jefma/AppData/Local/Temp/_gbsbuild/obj/vm_gbprinter.rel
                                          [ vm_gbprinter ]
C:/Users/jefma/AppData/Local/Temp/_gbsbuild/obj/vm_instructions.rel
                                          [ vm_instructions ]
C:/Users/jefma/AppData/Local/Temp/_gbsbuild/obj/vm_load_save.rel
                                          [ vm_load_save ]
C:/Users/jefma/AppData/Local/Temp/_gbsbuild/obj/vm_math.rel
                                          [ vm_math ]
C:/Users/jefma/AppData/Local/Temp/_gbsbuild/obj/vm_music.rel
                                          [ vm_music ]
C:/Users/jefma/AppData/Local/Temp/_gbsbuild/obj/vm_palette.rel
                                          [ vm_palette ]
C:/Users/jefma/AppData/Local/Temp/_gbsbuild/obj/vm_projectiles.rel
                                          [ vm_projectiles ]
C:/Users/jefma/AppData/Local/Temp/_gbsbuild/obj/vm_rtc.rel
                                          [ vm_rtc ]
C:/Users/jefma/AppData/Local/Temp/_gbsbuild/obj/vm_scene.rel
                                          [ vm_scene ]
C:/Users/jefma/AppData/Local/Temp/_gbsbuild/obj/vm_sgb.rel
                                          [ vm_sgb ]
C:/Users/jefma/AppData/Local/Temp/_gbsbuild/obj/vm_sio.rel
                                          [ vm_sio ]
C:/Users/jefma/AppData/Local/Temp/_gbsbuild/obj/vm_ui_a.rel
                                          [ vm_ui_a ]
C:/Users/jefma/AppData/Local/Temp/_gbsbuild/obj/vm_ui.rel
                                          [ vm_ui ]
C:/Users/jefma/AppData/Local/Temp/_gbsbuild/obj/vm.rel
                                          [ vm ]
C:/Users/jefma/AppData/Local/Temp/_gbsbuild/obj/actor_0_update.rel
                                          [ actor_0_update ]
C:/Users/jefma/AppData/Local/Temp/_gbsbuild/obj/actor_1_update.rel
                                          [ actor_1_update ]
C:/Users/jefma/AppData/Local/Temp/_gbsbuild/obj/actor_2_update.rel
                                          [ actor_2_update ]
C:/Users/jefma/AppData/Local/Temp/_gbsbuild/obj/actor_3_update.rel
                                          [ actor_3_update ]
C:/Users/jefma/AppData/Local/Temp/_gbsbuild/obj/actor_4_update.rel
                                          [ actor_4_update ]
C:/Users/jefma/AppData/Local/Temp/_gbsbuild/obj/actor_5_update.rel
                                          [ actor_5_update ]
C:/Users/jefma/AppData/Local/Temp/_gbsbuild/obj/actor_7_interact.rel
                                          [ actor_7_interact ]
C:/Users/jefma/AppData/Local/Temp/_gbsbuild/obj/actor_8_interact.rel
                                          [ actor_8_interact ]
C:/Users/jefma/AppData/Local/Temp/_gbsbuild/obj/actor_9_interact.rel
                                          [ actor_9_interact ]
C:/Users/jefma/AppData/Local/Temp/_gbsbuild/obj/bg_map_tilemap_attr.rel
                                          [ bg_map_tilemap_attr ]
C:/Users/jefma/AppData/Local/Temp/_gbsbuild/obj/bg_map_tilemap.rel
                                          [ bg_map_tilemap ]
C:/Users/jefma/AppData/Local/Temp/_gbsbuild/obj/bg_map_tileset.rel
                                          [ bg_map_tileset ]
C:/Users/jefma/AppData/Local/Temp/_gbsbuild/obj/bg_map.rel
                                          [ bg_map ]
C:/Users/jefma/AppData/Local/Temp/_gbsbuild/obj/border.rel
                                          [ border ]
C:/Users/jefma/AppData/Local/Temp/_gbsbuild/obj/cursor_image.rel
                                          [ cursor_image ]
C:/Users/jefma/AppData/Local/Temp/_gbsbuild/obj/font_gbs_mono.rel
                                          [ font_gbs_mono ]
C:/Users/jefma/AppData/Local/Temp/_gbsbuild/obj/frame_image.rel
                                          [ frame_image ]
C:/Users/jefma/AppData/Local/Temp/_gbsbuild/obj/game_signature.rel
                                          [ game_signature ]
C:/Users/jefma/AppData/Local/Temp/_gbsbuild/obj/palette_0.rel
                                          [ palette_0 ]
C:/Users/jefma/AppData/Local/Temp/_gbsbuild/obj/palette_1.rel
                                          [ palette_1 ]
C:/Users/jefma/AppData/Local/Temp/_gbsbuild/obj/scene_1_actors.rel
                                          [ scene_1_actors ]
C:/Users/jefma/AppData/Local/Temp/_gbsbuild/obj/scene_1_collisions.rel
                                          [ scene_1_collisions ]
C:/Users/jefma/AppData/Local/Temp/_gbsbuild/obj/scene_1_init.rel
                                          [ scene_1_init ]
C:/Users/jefma/AppData/Local/Temp/_gbsbuild/obj/scene_1_projectiles.rel
                                          [ scene_1_projectiles ]
C:/Users/jefma/AppData/Local/Temp/_gbsbuild/obj/scene_1_sprites.rel
                                          [ scene_1_sprites ]
C:/Users/jefma/AppData/Local/Temp/_gbsbuild/obj/scene_1.rel
                                          [ scene_1 ]
C:/Users/jefma/AppData/Local/Temp/_gbsbuild/obj/script_1.rel
                                          [ script_1 ]
C:/Users/jefma/AppData/Local/Temp/_gbsbuild/obj/script_3.rel
                                          [ script_3 ]
C:/Users/jefma/AppData/Local/Temp/_gbsbuild/obj/script_4.rel
                                          [ script_4 ]
C:/Users/jefma/AppData/Local/Temp/_gbsbuild/obj/script_engine_init.rel
                                          [  ]
C:/Users/jefma/AppData/Local/Temp/_gbsbuild/obj/script_timer_0.rel
                                          [ script_timer_0 ]
C:/Users/jefma/AppData/Local/Temp/_gbsbuild/obj/sprite_actor_animated_tileset.rel
                                          [ sprite_actor_animated_tileset ]
C:/Users/jefma/AppData/Local/Temp/_gbsbuild/obj/sprite_actor_animated.rel
                                          [ sprite_actor_animated ]
C:/Users/jefma/AppData/Local/Temp/_gbsbuild/obj/sprite_darknut_tileset.rel
                                          [ sprite_darknut_tileset ]
C:/Users/jefma/AppData/Local/Temp/_gbsbuild/obj/sprite_darknut.rel
                                          [ sprite_darknut ]
C:/Users/jefma/AppData/Local/Temp/_gbsbuild/obj/sprite_items_bomb_tileset.rel
                                          [ sprite_items_bomb_tileset ]
C:/Users/jefma/AppData/Local/Temp/_gbsbuild/obj/sprite_items_bomb.rel
                                          [ sprite_items_bomb ]
C:/Users/jefma/AppData/Local/Temp/_gbsbuild/obj/sprite_items_bottle_tileset.rel
                                          [ sprite_items_bottle_tileset ]
C:/Users/jefma/AppData/Local/Temp/_gbsbuild/obj/sprite_items_bottle.rel
                                          [ sprite_items_bottle ]
C:/Users/jefma/AppData/Local/Temp/_gbsbuild/obj/sprite_moblin_projectile_0_tileset.rel
                                          [ sprite_moblin_projectile_0_tiles ]
C:/Users/jefma/AppData/Local/Temp/_gbsbuild/obj/sprite_moblin_projectile_0.rel
                                          [ sprite_moblin_projectile_0 ]
C:/Users/jefma/AppData/Local/Temp/_gbsbuild/obj/sprite_moblin_tileset.rel
                                          [ sprite_moblin_tileset ]
C:/Users/jefma/AppData/Local/Temp/_gbsbuild/obj/sprite_moblin.rel
                                          [ sprite_moblin ]
C:/Users/jefma/AppData/Local/Temp/_gbsbuild/obj/sprite_octorok_projectile_tileset.rel
                                          [ sprite_octorok_projectile_tilese ]
C:/Users/jefma/AppData/Local/Temp/_gbsbuild/obj/sprite_octorok_projectile.rel
                                          [ sprite_octorok_projectile ]
C:/Users/jefma/AppData/Local/Temp/_gbsbuild/obj/sprite_octorok_tileset.rel
                                          [ sprite_octorok_tileset ]
C:/Users/jefma/AppData/Local/Temp/_gbsbuild/obj/sprite_octorok.rel
                                          [ sprite_octorok ]
C:/Users/jefma/AppData/Local/Temp/_gbsbuild/obj/sprite_projectiles_fire_tileset.rel
                                          [ sprite_projectiles_fire_tileset ]
C:/Users/jefma/AppData/Local/Temp/_gbsbuild/obj/sprite_projectiles_fire.rel
                                          [ sprite_projectiles_fire ]
C:/Users/jefma/AppData/Local/Temp/_gbsbuild/obj/spritesheet_none.rel
                                          [ spritesheet_none ]
C:/Users/jefma/AppData/Local/Temp/_gbsbuild/obj/main.rel
                                          [ main ]
C:/Users/jefma/AppData/Local/Temp/_gbsbuild/obj/adventure.rel
                                          [ adventure ]
C:/Users/jefma/AppData/Local/Temp/_gbsbuild/obj/logo.rel
                                          [ logo ]
C:/Users/jefma/AppData/Local/Temp/_gbsbuild/obj/platform.rel
                                          [ platform ]
C:/Users/jefma/AppData/Local/Temp/_gbsbuild/obj/pointnclick.rel
                                          [ pointnclick ]
C:/Users/jefma/AppData/Local/Temp/_gbsbuild/obj/shmup.rel
                                          [ shmup ]
C:/Users/jefma/AppData/Local/Temp/_gbsbuild/obj/states_ptrs.rel
                                          [  ]
C:/Users/jefma/AppData/Local/Temp/_gbsbuild/obj/topdown.rel
                                          [ topdown ]


Libraries Linked                          [ object file ]

C:\Users\jefma\AppData\Local\Temp/_gbstools/gbdk/lib/gb/gb.lib
                                          [ fill_rect_wi.o ]
C:\Users\jefma\AppData\Local\Temp/_gbstools/gbdk/lib/sm83/sm83.lib
                                          [ rand.o ]
C:\Users\jefma\AppData\Local\Temp/_gbstools/gbdk/lib/gb/gb.lib
                                          [ sfr.o ]
C:\Users\jefma\AppData\Local\Temp/_gbstools/gbdk/lib/gb/gb.lib
                                          [ get_data.o ]
C:\Users\jefma\AppData\Local\Temp/_gbstools/gbdk/lib/gb/gb.lib
                                          [ get_tile.o ]
C:\Users\jefma\AppData\Local\Temp/_gbstools/gbdk/lib/gb/gb.lib
                                          [ cgb_palettes.o ]
lib/gbt_player.lib                        [ gbt_player.o ]
C:\Users\jefma\AppData\Local\Temp/_gbstools/gbdk/lib/gb/gb.lib
                                          [ metasprites_hide_spr.o ]
C:\Users\jefma\AppData\Local\Temp/_gbstools/gbdk/lib/sm83/sm83.lib
                                          [ mul.o ]
C:\Users\jefma\AppData\Local\Temp/_gbstools/gbdk/lib/gb/gb.lib
                                          [ set_tile.o ]
C:\Users\jefma\AppData\Local\Temp/_gbstools/gbdk/lib/sm83/sm83.lib
                                          [ abs.o ]
C:\Users\jefma\AppData\Local\Temp/_gbstools/gbdk/lib/gb/gb.lib
                                          [ set_wi_t.o ]
C:\Users\jefma\AppData\Local\Temp/_gbstools/gbdk/lib/gb/gb.lib
                                          [ set_data.o ]
C:\Users\jefma\AppData\Local\Temp/_gbstools/gbdk/lib/sm83/sm83.lib
                                          [ reverse.o ]
C:\Users\jefma\AppData\Local\Temp/_gbstools/gbdk/lib/gb/gb.lib
                                          [ far_ptr.o ]
C:\Users\jefma\AppData\Local\Temp/_gbstools/gbdk/lib/gb/gb.lib
                                          [ sgb.o ]
C:\Users\jefma\AppData\Local\Temp/_gbstools/gbdk/lib/gb/gb.lib
                                          [ lcd.o ]
C:\Users\jefma\AppData\Local\Temp/_gbstools/gbdk/lib/gb/gb.lib
                                          [ fill_rect.o ]
C:\Users\jefma\AppData\Local\Temp/_gbstools/gbdk/lib/gb/gb.lib
                                          [ pad_ex.o ]
C:\Users\jefma\AppData\Local\Temp/_gbstools/gbdk/lib/gb/gb.lib
                                          [ cpy_data.o ]
C:\Users\jefma\AppData\Local\Temp/_gbstools/gbdk/lib/gb/gb.lib
                                          [ fill_rect_bk.o ]
C:\Users\jefma\AppData\Local\Temp/_gbstools/gbdk/lib/gb/gb.lib
                                          [ metasprites.o ]
C:\Users\jefma\AppData\Local\Temp/_gbstools/gbdk/lib/sm83/sm83.lib
                                          [ __sdcc_call_hl.o ]
C:\Users\jefma\AppData\Local\Temp/_gbstools/gbdk/lib/sm83/sm83.lib
                                          [ memcpy.o ]
C:\Users\jefma\AppData\Local\Temp/_gbstools/gbdk/lib/sm83/sm83.lib
                                          [ _memset.o ]
C:\Users\jefma\AppData\Local\Temp/_gbstools/gbdk/lib/gb/gb.lib
                                          [ set_xy_t.o ]
C:\Users\jefma\AppData\Local\Temp/_gbstools/gbdk/lib/gb/gb.lib
                                          [ ___sdcc_bcall_ehl.o ]
C:\Users\jefma\AppData\Local\Temp/_gbstools/gbdk/lib/gb/gb.lib
                                          [ cgb.o ]
C:\Users\jefma\AppData\Local\Temp/_gbstools/gbdk/lib/sm83/sm83.lib
                                          [ div.o ]
C:\Users\jefma\AppData\Local\Temp/_gbstools/gbdk/lib/gb/gb.lib
                                          [ set_bk_t.o ]
lib/gbt_player.lib                        [ gbt_player_bank1.o ]

ASxxxx Linker V03.00/V05.40 + sdld,  page 62.

User Base Address Definitions

_DATA=0xC0A0
_CODE=0x0200
ASxxxx Linker V03.00/V05.40 + sdld,  page 63.

User Global Definitions

.STACK=0xDF00
_shadow_OAM=0xC000
.refresh_OAM=0xFF80
__start_save=4

