ASxxxx Linker V03.00/V05.40 + sdld,  page 1.
Hexadecimal  [32-Bits]

Area                                    Addr        Size        Decimal Bytes (Attributes)
--------------------------------        ----        ----        ------- ----- ------------
.  .ABS.                            00000000    00000000 =           0. bytes (ABS,CON)

      Value  Global                              Global Defined In Module
      -----  --------------------------------   ------------------------
     00000000  .__.ABS.                           
     00000000  _rRAMG                             
     00000000  l__BASE                         
     00000000  l__BSS                          
     00000000  l__CABS                         
     00000000  l__CODE_0                       
     00000000  l__CRASH_HEADER                 
     00000000  l__CRASH_SCRATCH                
     00000000  l__DABS                         
     00000000  l__HEADER                       
     00000000  l__HEADER_LCD                   
     00000000  l__HEADER_SIO                   
     00000000  l__HEADER_TIMER                 
     00000000  l__HEAP                         
     00000000  l__HEAP_END                     
     00000000  l__HRAM                         
     00000000  l__LIT                          
     00000000  s__CABS                         
     00000000  s__CRASH_HEADER                 
     00000000  s__CRASH_HEADER0                
     00000000  s__CRASH_HEADER1                
     00000000  s__CRASH_SCRATCH                
     00000000  s__CRASH_SCRATCH2               
     00000000  s__DABS                         
     00000000  s__HEADER                       
     00000000  s__HEADER0                      
     00000000  s__HEADER1                      
     00000000  s__HEADER10                     
     00000000  s__HEADER11                     
     00000000  s__HEADER2                      
     00000000  s__HEADER3                      
     00000000  s__HEADER4                      
     00000000  s__HEADER5                      
     00000000  s__HEADER6                      
     00000000  s__HEADER7                      
     00000000  s__HEADER8                      
     00000000  s__HEADER9                      
     00000000  s__HEADER_LCD                   
     00000000  s__HEADER_LCD0                  
     00000000  s__HEADER_SIO                   
     00000000  s__HEADER_SIO0                  
     00000000  s__HEADER_TIMER                 
     00000000  s__HEADER_TIMER0                
     00000000  s__HEADERa                      
     00000000  s__HEADERb                      
     00000000  s__HEADERc                      
     00000000  s__HEADERd                      
     00000000  s__HEADERe                      
     00000000  s__HEADERf                      
     00000000  s__HRAM                         
ASxxxx Linker V03.00/V05.40 + sdld,  page 2.
Hexadecimal  [32-Bits]

Area                                    Addr        Size        Decimal Bytes (Attributes)
--------------------------------        ----        ----        ------- ----- ------------
.  .ABS.                            00000000    00000000 =           0. bytes (ABS,CON)

      Value  Global                              Global Defined In Module
      -----  --------------------------------   ------------------------
     00000000  s__HRAM12                       
     00000001  ___bank_VM_MAIN                    vm
     00000001  ___bank_VM_SGB                     vm_sgb
     00000001  ___bank_bg_map_tilemap_attr        bg_map_tilemap_attr
     00000001  ___bank_bg_map_tileset             bg_map_tileset
     00000001  ___bank_sprite_items_bomb          sprite_items_bomb
     00000001  b_script_detach_hthread            vm
     00000001  b_script_execute                   vm
     00000001  b_script_runner_init               vm
     00000001  b_script_terminate                 vm
     00000001  b_ui_draw_frame                    ui
     00000001  b_ui_draw_text_buffer_char         ui
     00000001  b_ui_init                          ui
     00000001  b_ui_load_tiles                    ui
     00000001  b_ui_run_menu                      ui
     00000001  b_ui_run_modal                     ui
     00000001  b_ui_set_start_tile                ui
     00000001  b_vm_call                          vm
     00000001  b_vm_call_far                      vm
     00000001  b_vm_get_indirect                  vm
     00000001  b_vm_get_tlocal                    vm
     00000001  b_vm_idle                          vm
     00000001  b_vm_if                            vm
     00000001  b_vm_if_const                      vm
     00000001  b_vm_init_rng                      vm
     00000001  b_vm_invoke                        vm
     00000001  b_vm_join                          vm
     00000001  b_vm_jump                          vm
     00000001  b_vm_lock                          vm
     00000001  b_vm_loop                          vm
     00000001  b_vm_memcpy                        vm
     00000001  b_vm_memset                        vm
     00000001  b_vm_poll_loaded                   vm
     00000001  b_vm_pop                           vm
     00000001  b_vm_push                          vm
     00000001  b_vm_push_reference                vm
     00000001  b_vm_push_value                    vm
     00000001  b_vm_push_value_ind                vm
     00000001  b_vm_raise                         vm
     00000001  b_vm_rand                          vm
     00000001  b_vm_reserve                       vm
     00000001  b_vm_ret                           vm
     00000001  b_vm_ret_far                       vm
     00000001  b_vm_set                           vm
     00000001  b_vm_set_const                     vm
     00000001  b_vm_set_indirect                  vm
     00000001  b_vm_terminate                     vm
     00000001  b_vm_test_terminate                vm
     00000001  b_vm_unlock                        vm
     00000001  b_wait_frames                      vm
     00000001  l__GSFINAL                      
ASxxxx Linker V03.00/V05.40 + sdld,  page 3.
Hexadecimal  [32-Bits]

Area                                    Addr        Size        Decimal Bytes (Attributes)
--------------------------------        ----        ----        ------- ----- ------------
.  .ABS.                            00000000    00000000 =           0. bytes (ABS,CON)

      Value  Global                              Global Defined In Module
      -----  --------------------------------   ------------------------
     00000001  l__HEADER0                      
     00000001  l__HEADER5                      
     00000001  l__HEADERa                      
     00000001  l__HEADERb                      
     00000001  l__HEADERc                      
     00000001  l__HEADERe                      
     00000001  l__HEADERf                      
     00000002  ___bank_VM_PALETTE                 vm_palette
     00000002  ___bank_bg_map_tilemap             bg_map_tilemap
     00000002  ___bank_scene_1_collisions         scene_1_collisions
     00000002  ___bank_sprite_player_link_use     sprite_player_link_use
     00000002  b_do_load_palette                  data_manager
     00000002  b_load_background                  data_manager
     00000002  b_load_bkg_tileset                 data_manager
     00000002  b_load_bounds                      data_manager
     00000002  b_load_emote                       data_manager
     00000002  b_load_init                        data_manager
     00000002  b_load_player                      data_manager
     00000002  b_load_scene                       data_manager
     00000002  b_load_sprite                      data_manager
     00000002  b_vm_load_palette                  vm_palette
     00000002  l__HEADER10                     
     00000002  l__HEADER6                      
     00000002  l__HEADERd                      
     00000003  ___bank_ACTOR                      actor
     00000003  ___bank_SGB_border_chr             border
     00000003  ___bank_SGB_border_map             border
     00000003  ___bank_SGB_border_pal             border
     00000003  ___bank_VM_ACTOR                   vm_actor
     00000003  ___bank_VM_UI                      vm_ui
     00000003  b_activate_actor                   actor
     00000003  b_activate_actors_in_col           actor
     00000003  b_activate_actors_in_row           actor
     00000003  b_actor_at_tile                    actor
     00000003  b_actor_get_frame_offset           actor
     00000003  b_actor_in_front_of_player         actor
     00000003  b_actor_overlapping_bb             actor
     00000003  b_actor_overlapping_player         actor
     00000003  b_actor_set_anim_idle              actor
     00000003  b_actor_set_anim_moving            actor
     00000003  b_actor_set_dir                    actor
     00000003  b_actor_set_frame_offset           actor
     00000003  b_actor_set_frames                 actor
     00000003  b_actors_handle_player_collision   actor
     00000003  b_actors_init                      actor
     00000003  b_check_collision_in_direction     actor
     00000003  b_deactivate_actor                 actor
     00000003  b_player_init                      actor
     00000003  b_restore_sram                     flasher
     00000003  b_restore_sram_bank                flasher
     00000003  b_save_sram                        flasher
ASxxxx Linker V03.00/V05.40 + sdld,  page 4.
Hexadecimal  [32-Bits]

Area                                    Addr        Size        Decimal Bytes (Attributes)
--------------------------------        ----        ----        ------- ----- ------------
.  .ABS.                            00000000    00000000 =           0. bytes (ABS,CON)

      Value  Global                              Global Defined In Module
      -----  --------------------------------   ------------------------
     00000003  b_vm_actor_activate                vm_actor
     00000003  b_vm_actor_begin_update            vm_actor
     00000003  b_vm_actor_deactivate              vm_actor
     00000003  b_vm_actor_emote                   vm_actor
     00000003  b_vm_actor_get_angle               vm_actor
     00000003  b_vm_actor_get_anim_frame          vm_actor
     00000003  b_vm_actor_get_dir                 vm_actor
     00000003  b_vm_actor_get_pos                 vm_actor
     00000003  b_vm_actor_move_cancel             vm_actor
     00000003  b_vm_actor_move_to                 vm_actor
     00000003  b_vm_actor_replace_tile            vm_actor
     00000003  b_vm_actor_set_anim                vm_actor
     00000003  b_vm_actor_set_anim_frame          vm_actor
     00000003  b_vm_actor_set_anim_set            vm_actor
     00000003  b_vm_actor_set_anim_tick           vm_actor
     00000003  b_vm_actor_set_bounds              vm_actor
     00000003  b_vm_actor_set_dir                 vm_actor
     00000003  b_vm_actor_set_flags               vm_actor
     00000003  b_vm_actor_set_move_speed          vm_actor
     00000003  b_vm_actor_set_pos                 vm_actor
     00000003  b_vm_actor_set_spritesheet         vm_actor
     00000003  b_vm_actor_set_spritesheet_by_re   vm_actor
     00000003  b_vm_actor_terminate_update        vm_actor
     00000003  b_vm_choice                        vm_ui
     00000003  b_vm_display_text                  vm_ui
     00000003  b_vm_overlay_clear                 vm_ui
     00000003  b_vm_overlay_move_to               vm_ui
     00000003  b_vm_overlay_scroll                vm_ui
     00000003  b_vm_overlay_set_map               vm_ui
     00000003  b_vm_overlay_set_scroll            vm_ui
     00000003  b_vm_overlay_set_submap            vm_ui
     00000003  b_vm_overlay_set_submap_ex         vm_ui
     00000003  b_vm_overlay_setpos                vm_ui
     00000003  b_vm_overlay_show                  vm_ui
     00000003  b_vm_overlay_wait                  vm_ui
     00000003  b_vm_set_font                      vm_ui
     00000003  b_vm_set_text_sound                vm_ui
     00000003  b_vm_switch_text_layer             vm_ui
     00000003  l__HEADER9                      
     00000003  l__HEADER_LCD0                  
     00000003  l__HRAM12                       
     00000004  ___bank_VM_CAMERA                  vm_camera
     00000004  ___bank_VM_GAMEBOY                 vm_gameboy
     00000004  ___bank_bg_map                     bg_map
     00000004  ___bank_font_gbs_mono              font_gbs_mono
     00000004  ___bank_scene_1_actors             scene_1_actors
     00000004  ___bank_sprite_projectiles_stick   sprite_projectiles_stick_til
     00000004  __start_save                    
     00000004  b___HandleCrash_banked             
     00000004  b_adventure_init                   adventure
     00000004  b_adventure_update                 adventure
ASxxxx Linker V03.00/V05.40 + sdld,  page 5.
Hexadecimal  [32-Bits]

Area                                    Addr        Size        Decimal Bytes (Attributes)
--------------------------------        ----        ----        ------- ----- ------------
.  .ABS.                            00000000    00000000 =           0. bytes (ABS,CON)

      Value  Global                              Global Defined In Module
      -----  --------------------------------   ------------------------
     00000004  b_camera_shake_frames              vm_camera
     00000004  b_core_reset                       core
     00000004  b_core_run                         core
     00000004  b_data_clear                       load_save
     00000004  b_data_init                        load_save
     00000004  b_data_load                        load_save
     00000004  b_data_peek                        load_save
     00000004  b_data_save                        load_save
     00000004  b_gbprinter_detect                 gbprinter
     00000004  b_gbprinter_print_overlay          gbprinter
     00000004  b_projectile_launch                projectiles
     00000004  b_projectiles_init                 projectiles
     00000004  b_scroll_init                      scroll
     00000004  b_scroll_repaint                   scroll
     00000004  b_scroll_reset                     scroll
     00000004  b_scroll_update                    scroll
     00000004  b_trigger_activate_at              trigger
     00000004  b_trigger_activate_at_intersecti   trigger
     00000004  b_trigger_at_intersection          trigger
     00000004  b_trigger_at_tile                  trigger
     00000004  b_trigger_interact                 trigger
     00000004  b_trigger_reset                    trigger
     00000004  b_vm_camera_move_to                vm_camera
     00000004  b_vm_camera_set_pos                vm_camera
     00000004  b_vm_context_prepare               vm_gameboy
     00000004  b_vm_fade                          vm_gameboy
     00000004  b_vm_get_tile_xy                   vm_gameboy
     00000004  b_vm_input_attach                  vm_gameboy
     00000004  b_vm_input_detach                  vm_gameboy
     00000004  b_vm_input_get                     vm_gameboy
     00000004  b_vm_input_wait                    vm_gameboy
     00000004  b_vm_load_tileset                  vm_gameboy
     00000004  b_vm_poll                          vm_gameboy
     00000004  b_vm_replace_tile                  vm_gameboy
     00000004  b_vm_replace_tile_xy               vm_gameboy
     00000004  b_vm_rumble                        vm_gameboy
     00000004  b_vm_set_sprite_mode               vm_gameboy
     00000004  b_vm_set_sprites_visible           vm_gameboy
     00000004  b_vm_timer_prepare                 vm_gameboy
     00000004  b_vm_timer_reset                   vm_gameboy
     00000004  b_vm_timer_set                     vm_gameboy
     00000004  b_vm_timer_stop                    vm_gameboy
     00000004  l__CRASH_HEADER1                
     00000004  l__HEADER_SIO0                  
     00000004  l__HEADER_TIMER0                
     00000005  ___bank_VM_GBPRINTER               vm_gbprinter
     00000005  ___bank_VM_LOAD_SAVE               vm_load_save
     00000005  ___bank_VM_MATH                    vm_math
     00000005  ___bank_VM_MUSIC                   vm_music
     00000005  ___bank_VM_PROJECTILE              vm_projectiles
     00000005  ___bank_VM_RTC                     vm_rtc
ASxxxx Linker V03.00/V05.40 + sdld,  page 6.
Hexadecimal  [32-Bits]

Area                                    Addr        Size        Decimal Bytes (Attributes)
--------------------------------        ----        ----        ------- ----- ------------
.  .ABS.                            00000000    00000000 =           0. bytes (ABS,CON)

      Value  Global                              Global Defined In Module
      -----  --------------------------------   ------------------------
     00000005  ___bank_VM_SCENE                   vm_scene
     00000005  ___bank_VM_SIO                     vm_sio
     00000005  ___bank_actor_0_update             actor_0_update
     00000005  ___bank_actor_16_update            actor_16_update
     00000005  ___bank_actor_1_update             actor_1_update
     00000005  ___bank_actor_2_interact           actor_2_interact
     00000005  ___bank_actor_3_update             actor_3_update
     00000005  ___bank_actor_4_update             actor_4_update
     00000005  ___bank_actor_5_update             actor_5_update
     00000005  ___bank_actor_7_interact           actor_7_interact
     00000005  ___bank_actor_8_interact           actor_8_interact
     00000005  ___bank_bootstrap_script           
     00000005  ___bank_cursor_image               cursor_image
     00000005  ___bank_frame_image                frame_image
     00000005  ___bank_palette_0                  palette_0
     00000005  ___bank_palette_1                  palette_1
     00000005  ___bank_scene_1                    scene_1
     00000005  ___bank_scene_1_init               scene_1_init
     00000005  ___bank_scene_1_projectiles        scene_1_projectiles
     00000005  ___bank_scene_1_sprites            scene_1_sprites
     00000005  ___bank_script_1                   script_1
     00000005  ___bank_script_3                   script_3
     00000005  ___bank_script_4                   script_4
     00000005  ___bank_script_5                   script_5
     00000005  ___bank_script_engine_init         
     00000005  ___bank_script_input_0             script_input_0
     00000005  ___bank_script_timer_0             script_timer_0
     00000005  ___bank_sprite_actor_animated      sprite_actor_animated
     00000005  ___bank_sprite_actor_animated_ti   sprite_actor_animated_tilese
     00000005  ___bank_sprite_darknut             sprite_darknut
     00000005  ___bank_sprite_darknut_tileset     sprite_darknut_tileset
     00000005  ___bank_sprite_items_bomb_tilese   sprite_items_bomb_tileset
     00000005  ___bank_sprite_items_bottle        sprite_items_bottle
     00000005  ___bank_sprite_items_bottle_tile   sprite_items_bottle_tileset
     00000005  ___bank_sprite_items_campfire      sprite_items_campfire
     00000005  ___bank_sprite_items_campfire_ti   sprite_items_campfire_tilese
     00000005  ___bank_sprite_items_log           sprite_items_log
     00000005  ___bank_sprite_items_log_tileset   sprite_items_log_tileset
     00000005  ___bank_sprite_moblin              sprite_moblin
     00000005  ___bank_sprite_moblin_tileset      sprite_moblin_tileset
     00000005  ___bank_sprite_octorok             sprite_octorok
     00000005  ___bank_sprite_octorok_projectil   sprite_octorok_projectile
     00000005  ___bank_sprite_octorok_projectil   sprite_octorok_projectile_ti
     00000005  ___bank_sprite_octorok_tileset     sprite_octorok_tileset
     00000005  ___bank_sprite_player_link_use_t   sprite_player_link_use_tiles
     00000005  ___bank_sprite_projectiles_fire    sprite_projectiles_fire
     00000005  ___bank_sprite_projectiles_fire_   sprite_projectiles_fire_tile
     00000005  ___bank_sprite_projectiles_leaf    sprite_projectiles_leaf
     00000005  ___bank_sprite_projectiles_leaf_   sprite_projectiles_leaf_tile
     00000005  ___bank_sprite_projectiles_stick   sprite_projectiles_stick
     00000005  ___bank_spritesheet_none           spritesheet_none
ASxxxx Linker V03.00/V05.40 + sdld,  page 7.
Hexadecimal  [32-Bits]

Area                                    Addr        Size        Decimal Bytes (Attributes)
--------------------------------        ----        ----        ------- ----- ------------
.  .ABS.                            00000000    00000000 =           0. bytes (ABS,CON)

      Value  Global                              Global Defined In Module
      -----  --------------------------------   ------------------------
     00000005  ___bank_tileset_default_frame      tileset_default_frame
     00000005  b_CGBZeroPalette                   palette
     00000005  b_SGBTransferPalettes              palette
     00000005  b_SIO_init                         sio
     00000005  b_atan2                            math_atan2
     00000005  b_camera_init                      camera
     00000005  b_erase_flash                      
     00000005  b_events_init                      events
     00000005  b_fade_applypalettechange          fade_manager
     00000005  b_fade_in                          fade_manager
     00000005  b_fade_in_modal                    fade_manager
     00000005  b_fade_init                        fade_manager
     00000005  b_fade_out                         fade_manager
     00000005  b_fade_out_modal                   fade_manager
     00000005  b_fade_setspeed                    fade_manager
     00000005  b_fade_update                      fade_manager
     00000005  b_input_init                       input
     00000005  b_itoa_fmt                         vm_ui_a
     00000005  b_logo_init                        logo
     00000005  b_logo_update                      logo
     00000005  b_music_events_poll                music_manager
     00000005  b_music_init_driver                music_manager
     00000005  b_music_init_events                music_manager
     00000005  b_palette_init                     palette
     00000005  b_parallax_init                    parallax
     00000005  b_remove_LCD_ISRs                  interrupts
     00000005  b_save_sram_banks                  
     00000005  b_scroll_rect                      
     00000005  b_set_sgb_border                   sgb_border
     00000005  b_timers_init                      events
     00000005  b_vm_cos_scale                     vm_math
     00000005  b_vm_music_mute                    vm_music
     00000005  b_vm_music_play                    vm_music
     00000005  b_vm_music_routine                 vm_music
     00000005  b_vm_music_setpos                  vm_music
     00000005  b_vm_music_stop                    vm_music
     00000005  b_vm_print_detect                  vm_gbprinter
     00000005  b_vm_print_overlay                 vm_gbprinter
     00000005  b_vm_projectile_launch             vm_projectiles
     00000005  b_vm_projectile_load_type          vm_projectiles
     00000005  b_vm_rtc_get                       vm_rtc
     00000005  b_vm_rtc_latch                     vm_rtc
     00000005  b_vm_rtc_set                       vm_rtc
     00000005  b_vm_rtc_start                     vm_rtc
     00000005  b_vm_save_clear                    vm_load_save
     00000005  b_vm_save_peek                     vm_load_save
     00000005  b_vm_scene_pop                     vm_scene
     00000005  b_vm_scene_pop_all                 vm_scene
     00000005  b_vm_scene_push                    vm_scene
     00000005  b_vm_scene_stack_reset             vm_scene
     00000005  b_vm_sfx_play                      vm_music
ASxxxx Linker V03.00/V05.40 + sdld,  page 8.
Hexadecimal  [32-Bits]

Area                                    Addr        Size        Decimal Bytes (Attributes)
--------------------------------        ----        ----        ------- ----- ------------
.  .ABS.                            00000000    00000000 =           0. bytes (ABS,CON)

      Value  Global                              Global Defined In Module
      -----  --------------------------------   ------------------------
     00000005  b_vm_sin_scale                     vm_math
     00000005  b_vm_sio_exchange                  vm_sio
     00000005  b_vm_sio_set_mode                  vm_sio
     00000005  b_vm_sound_mastervol               vm_music
     00000005  l__CRASH_HEADER0                
     00000005  l__HEADER1                      
     00000006  l__HEADER8                      
     00000007  l__HEADER2                      
     00000008  l__HEADER3                      
     00000018  l__INITIALIZED                  
     00000018  l__INITIALIZER                  
     0000002D  l__GSINIT                       
     00000030  l__HEADER7                      
     00000060  l__HEADER4                      
     00000080  ___size_SGB_border_pal             border
     000000AB  l__HEADER11                     
     000001CB  l__CRASH_SCRATCH2               
     00000200  s__CODE                         
     00000700  ___size_SGB_border_map             border
     00000760  ___size_SGB_border_chr             border
     00000944  l__CODE                         
     00000B44  s__HOME                         
     0000194F  l__DATA                         
     00002000  _rROMB0                            
     000024A2  l__CODE_5                       
     00002DB7  l__HOME                         
     00003000  _rROMB1                            
     000038FB  s__BASE                         
     000038FB  s__CODE_0                       
     000038FB  s__INITIALIZER                  
     000038FB  s__LIT                          
     00003913  s__GSINIT                       
     00003940  s__GSFINAL                      
     00003FF1  l__CODE_1                       
     00003FFC  l__CODE_3                       
     00003FFD  l__CODE_2                       
     00004000  _RTC_SELECT_REG                    vm_rtc
     00004000  _rRAMB                             
     00004000  l__CODE_4                       
     00006000  _RTC_LATCH_REG                     vm_rtc
     00008000  __VRAM                             
     00008000  __VRAM8000                         
     00008800  __VRAM8800                         
     00009000  __VRAM9000                         
     00009800  __SCRN0                            
     00009C00  __SCRN1                            
     0000A000  _RTC_VALUE_REG                     vm_rtc
     0000A000  __SRAM                             
     0000C000  __RAM                              
     0000C000  _shadow_OAM                     
     0000C0A0  s__DATA                         
ASxxxx Linker V03.00/V05.40 + sdld,  page 9.
Hexadecimal  [32-Bits]

Area                                    Addr        Size        Decimal Bytes (Attributes)
--------------------------------        ----        ----        ------- ----- ------------
.  .ABS.                            00000000    00000000 =           0. bytes (ABS,CON)

      Value  Global                              Global Defined In Module
      -----  --------------------------------   ------------------------
     0000D000  __RAMBANK                          
     0000D9EF  s__BSS                          
     0000D9EF  s__INITIALIZED                  
     0000DA07  s__HEAP                         
     0000DA07  s__HEAP_END                     
     0000DF00  .STACK                          
     0000DF00  _shadow_OAM2                       absolute
     0000DFA0  _BkgPalette                        absolute
     0000DFE0  _vwf_tile_data                     absolute
     0000FE00  __OAMRAM                           
     0000FF00  _P1_REG                            
     0000FF00  __IO                               
     0000FF01  _SB_REG                            
     0000FF02  _SC_REG                            
     0000FF04  _DIV_REG                           
     0000FF05  _TIMA_REG                          
     0000FF06  _TMA_REG                           
     0000FF07  _TAC_REG                           
     0000FF0F  _IF_REG                            
     0000FF10  _NR10_REG                          
     0000FF11  _NR11_REG                          
     0000FF12  _NR12_REG                          
     0000FF13  _NR13_REG                          
     0000FF14  _NR14_REG                          
     0000FF16  _NR21_REG                          
     0000FF17  _NR22_REG                          
     0000FF18  _NR23_REG                          
     0000FF19  _NR24_REG                          
     0000FF1A  _NR30_REG                          
     0000FF1B  _NR31_REG                          
     0000FF1C  _NR32_REG                          
     0000FF1D  _NR33_REG                          
     0000FF1E  _NR34_REG                          
     0000FF20  _NR41_REG                          
     0000FF21  _NR42_REG                          
     0000FF22  _NR43_REG                          
     0000FF23  _NR44_REG                          
     0000FF24  _NR50_REG                          
     0000FF25  _NR51_REG                          
     0000FF26  _NR52_REG                          
     0000FF30  _AUD3WAVE                          
     0000FF30  _PCM_SAMPLE                        
     0000FF30  __AUD3WAVERAM                      
     0000FF40  _LCDC_REG                          
     0000FF41  _STAT_REG                          
     0000FF42  _SCY_REG                           
     0000FF43  _SCX_REG                           
     0000FF44  _LY_REG                            
     0000FF45  _LYC_REG                           
     0000FF46  _DMA_REG                           
     0000FF47  _BGP_REG                           
ASxxxx Linker V03.00/V05.40 + sdld,  page 10.
Hexadecimal  [32-Bits]

Area                                    Addr        Size        Decimal Bytes (Attributes)
--------------------------------        ----        ----        ------- ----- ------------
.  .ABS.                            00000000    00000000 =           0. bytes (ABS,CON)

      Value  Global                              Global Defined In Module
      -----  --------------------------------   ------------------------
     0000FF48  _OBP0_REG                          
     0000FF49  _OBP1_REG                          
     0000FF4A  _WY_REG                            
     0000FF4B  _WX_REG                            
     0000FF4D  _KEY1_REG                          
     0000FF4F  _VBK_REG                           
     0000FF51  _HDMA1_REG                         
     0000FF52  _HDMA2_REG                         
     0000FF53  _HDMA3_REG                         
     0000FF54  _HDMA4_REG                         
     0000FF55  _HDMA5_REG                         
     0000FF56  _RP_REG                            
     0000FF68  _BCPS_REG                          
     0000FF69  _BCPD_REG                          
     0000FF6A  _OCPS_REG                          
     0000FF6B  _OCPD_REG                          
     0000FF70  _SVBK_REG                          
     0000FF76  _PCM12_REG                         
     0000FF77  _PCM34_REG                         
     0000FF80  .refresh_OAM                    
     0000FF80  __HRAM                             
     0000FFFF  _IE_REG                            
     00014000  s__CODE_1                       
     00024000  s__CODE_2                       
     00034000  s__CODE_3                       
     00044000  s__CODE_4                       
     00054000  s__CODE_5                       

ASxxxx Linker V03.00/V05.40 + sdld,  page 11.
Hexadecimal  [32-Bits]

Area                                    Addr        Size        Decimal Bytes (Attributes)
--------------------------------        ----        ----        ------- ----- ------------
_CODE                               00000200    00000944 =        2372. bytes (REL,CON)

      Value  Global                              Global Defined In Module
      -----  --------------------------------   ------------------------
     00000200  ___HandleCrash                     
     0000020A  _SIO_send_byte                     
     0000021D  _SIO_receive                       
     0000022E  _GetWinAddr                        
     00000236  _GetBkgAddr                        
     00000244  _state_init                        
     00000249  _state_update                      
     0000026B  _ui_time_masks                     
     00000273  _ui_print_shift_char               
     000002F6  _ui_draw_frame_row                 
     000002FF  .ui_draw_frame_row                 
     00000328  _script_cmds                       vm_instructions
     00000560  _save_signature                    game_signature
     00000564  _start_scene_x                     
     00000566  _start_scene_y                     
     00000568  _start_scene_dir                   
     00000569  _start_scene                       
     0000056C  _start_player_move_speed           
     0000056D  _start_player_anim_tick            
     0000056E  _ui_fonts                          
     00000571  _core_reset_hook                   main
     00000579  _main                              main
     00000581  _state_start_fns                   
     00000587  _state_update_fns                  
     0000058D  _get_vram_byte                     
     00000595  _get_win_tile_xy                   
     0000059D  _get_bkg_tile_xy                   
     000005C4  _set_sprite_palette                CGB
     000005C9  _set_bkg_palette                   CGB
     000005CC  .set_palette                       CGB
     000005EB  _set_sprite_palette_entry          CGB
     000005F0  _set_bkg_palette_entry             CGB
     000005F3  .set_palette_entry                 CGB
     0000062C  gbt_get_pattern_ptr_banked         
     0000064B  _gbt_play                          
     00000706  _gbt_pause                         
     00000717  _gbt_loop                          
     0000071E  _gbt_stop                          
     00000729  _gbt_enable_channels               
     00000730  _gbt_update                        
     00000835  _hide_sprites_range                Metasprites
     00000864  __mulsuchar                        mul
     00000867  __muluschar                        mul
     00000870  __mulschar                         mul
     00000878  __mulint                           mul
     00000897  __muluchar                         mul
     000008A9  _set_vram_byte                     
     000008B2  _set_win_tile_xy                   
     000008BB  _set_bkg_tile_xy                   
     000008EA  .sgb_check                         
ASxxxx Linker V03.00/V05.40 + sdld,  page 12.
Hexadecimal  [32-Bits]

Area                                    Addr        Size        Decimal Bytes (Attributes)
--------------------------------        ----        ----        ------- ----- ------------
_CODE                               00000200    00000944 =        2372. bytes (REL,CON)

      Value  Global                              Global Defined In Module
      -----  --------------------------------   ------------------------
     000008EA  _sgb_check                         
     00000932  _sgb_transfer                      
     00000937  .sgb_transfer                      
     00000978  .copy_vram                         
     0000097E  _get_data                          
     0000097E  _set_data                          
     0000097E  _vmemcpy                           
     000009CC  ___move_metasprite                 Metasprites
     00000A09  ___memcpy                          
     00000A09  _memcpy                            
     00000A3B  _cpu_slow                          CGB
     00000A56  _cpu_fast                          CGB
     00000A5D  __divsuchar                        divmod
     00000A63  __modsuchar                        divmod
     00000A6C  __divuschar                        divmod
     00000A75  __moduschar                        divmod
     00000A81  __divschar                         divmod
     00000A86  __modschar                         divmod
     00000A8D  __divsint                          divmod
     00000A96  __modsint                          divmod
     00000AA2  __divuchar                         divmod
     00000AA7  __moduchar                         divmod
     00000AAE  __divuint                          divmod
     00000AB7  __moduint                          divmod
     00000AC3  .div8                              divmod
     00000AC3  .mod8                              divmod
     00000ACB  .div16                             divmod
     00000ACB  .mod16                             divmod
     00000B01  .divu8                             divmod
     00000B01  .modu8                             divmod
     00000B04  .divu16                            divmod
     00000B04  .modu16                            divmod

ASxxxx Linker V03.00/V05.40 + sdld,  page 13.
Hexadecimal  [32-Bits]

Area                                    Addr        Size        Decimal Bytes (Attributes)
--------------------------------        ----        ----        ------- ----- ------------
_HEADER0                            00000000    00000001 =           1. bytes (ABS,CON)

      Value  Global                              Global Defined In Module
      -----  --------------------------------   ------------------------
     00000020  .call_hl                           Runtime

ASxxxx Linker V03.00/V05.40 + sdld,  page 14.
Hexadecimal  [32-Bits]

Area                                    Addr        Size        Decimal Bytes (Attributes)
--------------------------------        ----        ----        ------- ----- ------------
_HEADER1                            00000000    00000005 =           5. bytes (ABS,CON)

      Value  Global                              Global Defined In Module
      -----  --------------------------------   ------------------------
     00000028  .MemsetSmall                       Runtime

ASxxxx Linker V03.00/V05.40 + sdld,  page 15.
Hexadecimal  [32-Bits]

Area                                    Addr        Size        Decimal Bytes (Attributes)
--------------------------------        ----        ----        ------- ----- ------------
_HEADER2                            00000000    00000007 =           7. bytes (ABS,CON)

      Value  Global                              Global Defined In Module
      -----  --------------------------------   ------------------------
     00000030  .MemcpySmall                       Runtime

ASxxxx Linker V03.00/V05.40 + sdld,  page 16.
Hexadecimal  [32-Bits]

Area                                    Addr        Size        Decimal Bytes (Attributes)
--------------------------------        ----        ----        ------- ----- ------------
_HEADER3                            00000000    00000008 =           8. bytes (ABS,CON)

      Value  Global                              Global Defined In Module
      -----  --------------------------------   ------------------------
ASxxxx Linker V03.00/V05.40 + sdld,  page 17.
Hexadecimal  [32-Bits]

Area                                    Addr        Size        Decimal Bytes (Attributes)
--------------------------------        ----        ----        ------- ----- ------------
_HEADER4                            00000000    00000060 =          96. bytes (ABS,CON)

      Value  Global                              Global Defined In Module
      -----  --------------------------------   ------------------------
     00000080  .int                               Runtime
     0000008F  _wait_int_handler                  Runtime
     0000009C  __standard_VBL_handler             Runtime
     000000AB  _refresh_OAM                       Runtime
     000000CC  _set_interrupts                    Runtime

ASxxxx Linker V03.00/V05.40 + sdld,  page 18.
Hexadecimal  [32-Bits]

Area                                    Addr        Size        Decimal Bytes (Attributes)
--------------------------------        ----        ----        ------- ----- ------------
_HEADER5                            00000000    00000001 =           1. bytes (ABS,CON)

      Value  Global                              Global Defined In Module
      -----  --------------------------------   ------------------------
ASxxxx Linker V03.00/V05.40 + sdld,  page 19.
Hexadecimal  [32-Bits]

Area                                    Addr        Size        Decimal Bytes (Attributes)
--------------------------------        ----        ----        ------- ----- ------------
_HEADER6                            00000000    00000002 =           2. bytes (ABS,CON)

      Value  Global                              Global Defined In Module
      -----  --------------------------------   ------------------------
ASxxxx Linker V03.00/V05.40 + sdld,  page 20.
Hexadecimal  [32-Bits]

Area                                    Addr        Size        Decimal Bytes (Attributes)
--------------------------------        ----        ----        ------- ----- ------------
_HEADER7                            00000000    00000030 =          48. bytes (ABS,CON)

      Value  Global                              Global Defined In Module
      -----  --------------------------------   ------------------------
ASxxxx Linker V03.00/V05.40 + sdld,  page 21.
Hexadecimal  [32-Bits]

Area                                    Addr        Size        Decimal Bytes (Attributes)
--------------------------------        ----        ----        ------- ----- ------------
_HEADER8                            00000000    00000006 =           6. bytes (ABS,CON)

      Value  Global                              Global Defined In Module
      -----  --------------------------------   ------------------------
ASxxxx Linker V03.00/V05.40 + sdld,  page 22.
Hexadecimal  [32-Bits]

Area                                    Addr        Size        Decimal Bytes (Attributes)
--------------------------------        ----        ----        ------- ----- ------------
_HEADER9                            00000000    00000003 =           3. bytes (ABS,CON)

      Value  Global                              Global Defined In Module
      -----  --------------------------------   ------------------------
ASxxxx Linker V03.00/V05.40 + sdld,  page 23.
Hexadecimal  [32-Bits]

Area                                    Addr        Size        Decimal Bytes (Attributes)
--------------------------------        ----        ----        ------- ----- ------------
_HEADERa                            00000000    00000001 =           1. bytes (ABS,CON)

      Value  Global                              Global Defined In Module
      -----  --------------------------------   ------------------------
ASxxxx Linker V03.00/V05.40 + sdld,  page 24.
Hexadecimal  [32-Bits]

Area                                    Addr        Size        Decimal Bytes (Attributes)
--------------------------------        ----        ----        ------- ----- ------------
_HEADERb                            00000000    00000001 =           1. bytes (ABS,CON)

      Value  Global                              Global Defined In Module
      -----  --------------------------------   ------------------------
ASxxxx Linker V03.00/V05.40 + sdld,  page 25.
Hexadecimal  [32-Bits]

Area                                    Addr        Size        Decimal Bytes (Attributes)
--------------------------------        ----        ----        ------- ----- ------------
_HEADERc                            00000000    00000001 =           1. bytes (ABS,CON)

      Value  Global                              Global Defined In Module
      -----  --------------------------------   ------------------------
ASxxxx Linker V03.00/V05.40 + sdld,  page 26.
Hexadecimal  [32-Bits]

Area                                    Addr        Size        Decimal Bytes (Attributes)
--------------------------------        ----        ----        ------- ----- ------------
_HEADERd                            00000000    00000002 =           2. bytes (ABS,CON)

      Value  Global                              Global Defined In Module
      -----  --------------------------------   ------------------------
ASxxxx Linker V03.00/V05.40 + sdld,  page 27.
Hexadecimal  [32-Bits]

Area                                    Addr        Size        Decimal Bytes (Attributes)
--------------------------------        ----        ----        ------- ----- ------------
_HEADERe                            00000000    00000001 =           1. bytes (ABS,CON)

      Value  Global                              Global Defined In Module
      -----  --------------------------------   ------------------------
ASxxxx Linker V03.00/V05.40 + sdld,  page 28.
Hexadecimal  [32-Bits]

Area                                    Addr        Size        Decimal Bytes (Attributes)
--------------------------------        ----        ----        ------- ----- ------------
_HEADERf                            00000000    00000001 =           1. bytes (ABS,CON)

      Value  Global                              Global Defined In Module
      -----  --------------------------------   ------------------------
ASxxxx Linker V03.00/V05.40 + sdld,  page 29.
Hexadecimal  [32-Bits]

Area                                    Addr        Size        Decimal Bytes (Attributes)
--------------------------------        ----        ----        ------- ----- ------------
_HEADER10                           00000000    00000002 =           2. bytes (ABS,CON)

      Value  Global                              Global Defined In Module
      -----  --------------------------------   ------------------------
ASxxxx Linker V03.00/V05.40 + sdld,  page 30.
Hexadecimal  [32-Bits]

Area                                    Addr        Size        Decimal Bytes (Attributes)
--------------------------------        ----        ----        ------- ----- ------------
_HEADER11                           00000000    000000AB =         171. bytes (ABS,CON)

      Value  Global                              Global Defined In Module
      -----  --------------------------------   ------------------------
     00000150  .reset                             Runtime
     00000150  _reset                             Runtime
     00000157  .code_start                        Runtime
     000001B9  _exit                              Runtime
     000001BD  .wait_vbl_done                     Runtime
     000001BD  _vsync                             Runtime
     000001BD  _wait_vbl_done                     Runtime
     000001CD  .remove_VBL                        Runtime
     000001CD  _remove_VBL                        Runtime
     000001D0  .remove_int                        Runtime
     000001ED  .add_VBL                           Runtime
     000001ED  _add_VBL                           Runtime
     000001F0  .add_int                           Runtime

ASxxxx Linker V03.00/V05.40 + sdld,  page 31.
Hexadecimal  [32-Bits]

Area                                    Addr        Size        Decimal Bytes (Attributes)
--------------------------------        ----        ----        ------- ----- ------------
_HOME                               00000B44    00002DB7 =       11703. bytes (REL,CON)

      Value  Global                              Global Defined In Module
      -----  --------------------------------   ------------------------
     00000B44  .memset_simple                     Runtime
     00000B4D  .memcpy_simple                     Runtime
     00000B6A  .display_off                       Runtime
     00000B6A  _display_off                       Runtime
     00000B82  _actors_update                     actor
     00000FEA  _SetBankedBkgData                  bankdata
     00001006  _SetBankedSpriteData               bankdata
     00001022  _SetBankedBkgTiles                 bankdata
     0000103E  _SetBankedWinTiles                 bankdata
     0000105A  _ReadBankedFarPtr                  bankdata
     0000107C  _ReadBankedUWORD                   bankdata
     00001096  _MemcpyBanked                      bankdata
     000010B8  _MemcpyVRAMBanked                  bankdata
     000010E7  _IndexOfFarPtr                     bankdata
     0000116C  _camera_update                     camera
     0000129F  _load_animations                   data_manager
     000012F8  _events_update                     events
     000013CB  _timers_update                     events
     00001454  _input_update                      input
     0000147A  .sio_ISR                           
     000014D4  .timer_ISR                         
     000014E9  _simple_LCD_isr                    interrupts
     00001568  _fullscreen_LCD_isr                interrupts
     00001594  _VBL_isr                           interrupts
     000015DE  _isqrt                             math
     0000163B  _sine_wave                         math
     0000173B  _dir_lookup                        math
     00001743  _dir_angle_lookup                  math
     00001747  _music_events_update               music_manager
     000017C9  _music_play_isr                    music_manager
     00001897  _parallax_LCD_isr                  parallax
     000018D4  _projectiles_update                projectiles
     00001D55  _projectiles_render                projectiles
     00001EAA  _scroll_load_pending_row           scroll
     00001F30  _scroll_load_row                   scroll
     00001FA5  _scroll_load_col                   scroll
     0000200E  _scroll_load_pending_col           scroll
     00002096  _set_bkg_submap                    
     000020D9  _set_xy_win_submap                 
     00002106  .set_xy_win_submap                 
     0000210F  .set_xy_bkg_submap                 
     0000211E  .set_xy_submap                     
     0000216A  _sfx_play_isr                      sfx_player
     00002243  _on_SIO_receive                    sio
     00002284  _SIO_update                        sio
     000022EB  _ui_update                         ui
     00002423  _vm_sgb_transfer                   vm_sgb
     00002470  _vm_load_text                      vm_ui
     000026C6  _vm_switch                         vm
     000027F7  _vm_beginthread                    vm
ASxxxx Linker V03.00/V05.40 + sdld,  page 32.
Hexadecimal  [32-Bits]

Area                                    Addr        Size        Decimal Bytes (Attributes)
--------------------------------        ----        ----        ------- ----- ------------
_HOME                               00000B44    00002DB7 =       11703. bytes (REL,CON)

      Value  Global                              Global Defined In Module
      -----  --------------------------------   ------------------------
     0000291B  _vm_rpn                            vm
     00003333  _vm_get_far                        vm
     000033A1  _vm_call_native                    vm
     000033B4  _VM_STEP                           vm
     0000341E  _script_runner_update              vm
     00003583  _fill_win_rect                     
     00003595  _rand                              
     00003595  _randw                             
     000035C0  _initrand                          
     000035C2  .initrand                          
     000035CB  _get_bkg_data                      
     000035CB  _get_win_data                      
     00003618  _get_sprite_data                   
     0000364B  _abs                               abs
     00003658  _set_win_tiles                     
     0000366C  _set_tile_data                     
     00003671  _set_bkg_data                      
     00003671  _set_win_data                      
     00003679  _set_sprite_data                   
     000036A9  _reverse                           reverse
     000036DD  ___call__banked                    far_ptr
     000036FA  _to_far_ptr                        far_ptr
     00003730  .add_LCD                           
     00003730  _add_LCD                           
     00003736  .remove_LCD                        
     00003736  _remove_LCD                        
     0000373C  .fill_rect_wtt                     
     00003745  .fill_rect_btt                     
     00003792  _joypad_init                       
     000037E0  .joypad_ex                         
     000037E0  _joypad_ex                         
     0000382B  _fill_bkg_rect                     
     0000383D  ___sdcc_call_hl                    call_hl
     0000383E  _memset                            memset
     00003871  .set_xy_wtt                        SetTileMap
     0000387A  .set_xy_btt                        SetTileMap
     00003889  .set_xy_tt                         SetTileMap
     000038CD  ___sdcc_bcall_ehl                  
     000038E7  _set_bkg_tiles                     

ASxxxx Linker V03.00/V05.40 + sdld,  page 33.
Hexadecimal  [32-Bits]

Area                                    Addr        Size        Decimal Bytes (Attributes)
--------------------------------        ----        ----        ------- ----- ------------
_INITIALIZER                        000038FB    00000018 =          24. bytes (REL,CON)

      Value  Global                              Global Defined In Module
      -----  --------------------------------   ------------------------
ASxxxx Linker V03.00/V05.40 + sdld,  page 34.
Hexadecimal  [32-Bits]

Area                                    Addr        Size        Decimal Bytes (Attributes)
--------------------------------        ----        ----        ------- ----- ------------
_GSINIT                             00003913    0000002D =          45. bytes (REL,CON)

      Value  Global                              Global Defined In Module
      -----  --------------------------------   ------------------------
     00003913  gsinit                             Runtime

ASxxxx Linker V03.00/V05.40 + sdld,  page 35.
Hexadecimal  [32-Bits]

Area                                    Addr        Size        Decimal Bytes (Attributes)
--------------------------------        ----        ----        ------- ----- ------------
_GSFINAL                            00003940    00000001 =           1. bytes (REL,CON)

      Value  Global                              Global Defined In Module
      -----  --------------------------------   ------------------------
ASxxxx Linker V03.00/V05.40 + sdld,  page 36.
Hexadecimal  [32-Bits]

Area                                    Addr        Size        Decimal Bytes (Attributes)
--------------------------------        ----        ----        ------- ----- ------------
_DATA                               0000C0A0    0000194F =        6479. bytes (REL,CON)

      Value  Global                              Global Defined In Module
      -----  --------------------------------   ------------------------
     0000C0A0  __cpu                              Runtime
     0000C0A1  __is_GBA                           Runtime
     0000C0A2  .mode                              Runtime
     0000C0A3  .sys_time                          Runtime
     0000C0A3  _sys_time                          Runtime
     0000C0A5  .int_0x40                          Runtime
     0000C0B1  _actors                            actor
     0000C4F5  _actors_active_head                actor
     0000C4F7  _actors_active_tail                actor
     0000C4F9  _actors_inactive_head              actor
     0000C4FB  _screen_x                          actor
     0000C4FC  _screen_y                          actor
     0000C4FD  _invalid                           actor
     0000C4FF  _player_moving                     actor
     0000C500  _player_iframes                    actor
     0000C501  _player_collision_actor            actor
     0000C503  _emote_actor                       actor
     0000C505  _emote_timer                       actor
     0000C506  _allocated_sprite_tiles            actor
     0000C507  _allocated_hardware_sprites        actor
     0000C514  _camera_x                          camera
     0000C516  _camera_y                          camera
     0000C518  _camera_offset_x                   camera
     0000C519  _camera_offset_y                   camera
     0000C51A  _camera_deadzone_x                 camera
     0000C51B  _camera_deadzone_y                 camera
     0000C51C  _camera_settings                   camera
     0000C520  _current_scene                     data_manager
     0000C523  _image_bank                        data_manager
     0000C524  _image_ptr                         data_manager
     0000C526  _image_attr_bank                   data_manager
     0000C527  _image_attr_ptr                    data_manager
     0000C529  _collision_bank                    data_manager
     0000C52A  _collision_ptr                     data_manager
     0000C52C  _image_tile_width                  data_manager
     0000C52D  _image_tile_height                 data_manager
     0000C52E  _image_width                       data_manager
     0000C530  _image_height                      data_manager
     0000C532  _sprites_len                       data_manager
     0000C533  _actors_len                        data_manager
     0000C534  _projectiles_len                   data_manager
     0000C535  _player_sprite_len                 data_manager
     0000C536  _scene_type                        data_manager
     0000C537  _scene_LCD_type                    data_manager
     0000C538  _scene_stack                       data_manager
     0000C578  _scene_stack_ptr                   data_manager
     0000C57A  _scene_sprites_base_tiles          data_manager
     0000C5BA  _input_events                      events
     0000C5E2  _input_slots                       events
     0000C5EA  _timer_events                      events
ASxxxx Linker V03.00/V05.40 + sdld,  page 37.
Hexadecimal  [32-Bits]

Area                                    Addr        Size        Decimal Bytes (Attributes)
--------------------------------        ----        ----        ------- ----- ------------
_DATA                               0000C0A0    0000194F =        6479. bytes (REL,CON)

      Value  Global                              Global Defined In Module
      -----  --------------------------------   ------------------------
     0000C5FE  _timer_values                      events
     0000C606  _fade_running                      fade_manager
     0000C607  _fade_frames_per_step              fade_manager
     0000C608  _fade_timer                        fade_manager
     0000C610  _joypads                           input
     0000C615  _frame_joy                         input
     0000C616  _last_joy                          input
     0000C617  _recent_joy                        input
     0000C618  _SIO_status                        
     0000C619  _link_byte_sent                    
     0000C61A  _link_next_mode                    
     0000C61B  _save_blob_size                    load_save
     0000C61D  _routine_queue                     music_manager
     0000C621  _routine_queue_head                music_manager
     0000C622  _routine_queue_tail                music_manager
     0000C623  _music_events                      music_manager
     0000C637  _music_current_track_bank          music_manager
     0000C638  _music_mute_mask                   music_manager
     0000C639  _music_effective_mute              music_manager
     0000C63A  _music_next_track                  music_manager
     0000C63C  _music_current_track               music_manager
     0000C63E  _music_play_isr_counter            music_manager
     0000C63F  _music_play_isr_pause              music_manager
     0000C640  _music_global_mute_mask            music_manager
     0000C641  _music_sfx_priority                music_manager
     0000C642  _DMG_palette                       palette
     0000C645  _SprPalette                        palette
     0000C685  _parallax_rows                     parallax
     0000C697  _parallax_row                      parallax
     0000C699  _projectiles                       projectiles
     0000C752  _projectile_defs                   projectiles
     0000C7C5  _projectiles_active_head           projectiles
     0000C7C7  _projectiles_inactive_head         projectiles
     0000C7CE  _scroll_x                          scroll
     0000C7D0  _scroll_y                          scroll
     0000C7D2  _draw_scroll_x                     scroll
     0000C7D4  _draw_scroll_y                     scroll
     0000C7D6  _scroll_x_max                      scroll
     0000C7D8  _scroll_y_max                      scroll
     0000C7DA  _scroll_offset_x                   scroll
     0000C7DB  _scroll_offset_y                   scroll
     0000C7DC  _pending_h_x                       scroll
     0000C7DD  _pending_h_y                       scroll
     0000C7DE  _pending_h_i                       scroll
     0000C7DF  _pending_w_x                       scroll
     0000C7E0  _pending_w_y                       scroll
     0000C7E1  _pending_w_i                       scroll
     0000C7E2  _current_row                       scroll
     0000C7E4  _new_row                           scroll
     0000C7E6  _current_col                       scroll
     0000C7E8  _new_col                           scroll
ASxxxx Linker V03.00/V05.40 + sdld,  page 38.
Hexadecimal  [32-Bits]

Area                                    Addr        Size        Decimal Bytes (Attributes)
--------------------------------        ----        ----        ------- ----- ------------
_DATA                               0000C0A0    0000194F =        6479. bytes (REL,CON)

      Value  Global                              Global Defined In Module
      -----  --------------------------------   ------------------------
     0000C7EA  .image_tile_width                  
     0000C7EB  _sfx_play_bank                     sfx_player
     0000C7EC  _sfx_play_sample                   sfx_player
     0000C7EE  _sfx_frame_skip                    sfx_player
     0000C7EF  _link_operation_mode               sio
     0000C7F0  _link_packet                       sio
     0000C810  _link_packet_len                   sio
     0000C811  _link_packet_ptr                   sio
     0000C813  _link_packet_received              sio
     0000C814  _link_packet_snd_len               sio
     0000C815  _link_packet_snd_ptr               sio
     0000C817  _link_packet_sent                  sio
     0000C818  __is_CGB                           system
     0000C819  __is_SGB                           system
     0000C81A  __current_ram_bank                 system
     0000C81B  _triggers                          trigger
     0000C913  _last_trigger_tx                   trigger
     0000C914  _last_trigger_ty                   trigger
     0000C915  _last_trigger                      trigger
     0000C916  _win_pos_x                         ui
     0000C917  _win_dest_pos_x                    ui
     0000C918  _win_pos_y                         ui
     0000C919  _win_dest_pos_y                    ui
     0000C91A  _win_speed                         ui
     0000C91B  _text_drawn                        ui
     0000C91C  _current_text_speed                ui
     0000C91D  _text_options                      ui
     0000C91E  _text_in_speed                     ui
     0000C91F  _text_out_speed                    ui
     0000C920  _text_draw_speed                   ui
     0000C921  _text_ff_joypad                    ui
     0000C922  _text_ff                           ui
     0000C923  _text_bkg_fill                     ui
     0000C924  _ui_text_data                      ui
     0000CA2E  _vwf_current_mask                  ui
     0000CA2F  _vwf_current_rotate                ui
     0000CA30  _vwf_inverse_map                   ui
     0000CA31  _vwf_direction                     ui
     0000CA32  _vwf_current_font_desc             ui
     0000CA3A  _vwf_current_font_bank             ui
     0000CA3B  _vwf_current_font_idx              ui
     0000CA3C  _text_render_base_addr             ui
     0000CA3E  _text_scroll_addr                  ui
     0000CA40  _text_scroll_width                 ui
     0000CA41  _text_scroll_height                ui
     0000CA42  _text_scroll_fill                  ui
     0000CA43  _text_sound_mask                   ui
     0000CA44  _text_sound_bank                   ui
     0000CA45  _text_sound_data                   ui
     0000CA47  _overlay_priority                  ui
     0000CA48  _text_palette                      ui
ASxxxx Linker V03.00/V05.40 + sdld,  page 39.
Hexadecimal  [32-Bits]

Area                                    Addr        Size        Decimal Bytes (Attributes)
--------------------------------        ----        ----        ------- ----- ------------
_DATA                               0000C0A0    0000194F =        6479. bytes (REL,CON)

      Value  Global                              Global Defined In Module
      -----  --------------------------------   ------------------------
     0000CA4F  __itoa_fmt_len                     vm_ui_a
     0000CA50  .itoa_fmt_buf                      vm_ui_a
     0000CA53  _CTXS                              vm
     0000CB83  _first_ctx                         vm
     0000CB85  _free_ctxs                         vm
     0000CB87  _old_executing_ctx                 vm
     0000CB89  _executing_ctx                     vm
     0000CB8B  _vm_lock_state                     vm
     0000CB8C  _vm_loaded_state                   vm
     0000CB8D  _vm_exception_code                 vm
     0000CB8E  _vm_exception_params_length        vm
     0000CB8F  _vm_exception_params_bank          vm
     0000CB90  _vm_exception_params_offset        vm
     0000CB94  _script_memory                     vm
     0000D99A  ___rand_seed                       
     0000D99C  gbt_playing                        
     0000D99D  gbt_song                           
     0000D99F  gbt_bank                           
     0000D9A0  gbt_speed                          
     0000D9A1  gbt_temp_play_data                 
     0000D9AD  gbt_loop_enabled                   
     0000D9AE  gbt_ticks_elapsed                  
     0000D9AF  gbt_current_step                   
     0000D9B0  gbt_current_pattern                
     0000D9B1  gbt_current_step_data_ptr          
     0000D9B3  gbt_channels_enabled               
     0000D9B4  gbt_pan                            
     0000D9B8  gbt_vol                            
     0000D9BC  gbt_instr                          
     0000D9C0  gbt_freq                           
     0000D9C6  __current_ch3_wave                 
     0000D9C6  __gbt_channel3_loaded_instrument   
     0000D9C6  gbt_channel3_loaded_instrument     
     0000D9C7  gbt_arpeggio_freq_index            
     0000D9D0  gbt_arpeggio_enabled               
     0000D9D3  gbt_arpeggio_tick                  
     0000D9D6  gbt_sweep                          
     0000D9D9  gbt_cut_note_tick                  
     0000D9DD  gbt_have_to_stop_next_step         
     0000D9DE  gbt_update_pattern_pointers        
     0000D9DF  ___call_banked_addr                far_ptr
     0000D9DF  ___call_banked_ptr                 far_ptr
     0000D9E1  ___call_banked_bank                far_ptr
     0000D9E3  .int_0x48                          
     0000D9EB  ___current_metasprite              Metasprites
     0000D9ED  ___current_base_tile               Metasprites
     0000D9EE  ___current_base_prop               Metasprites

ASxxxx Linker V03.00/V05.40 + sdld,  page 40.
Hexadecimal  [32-Bits]

Area                                    Addr        Size        Decimal Bytes (Attributes)
--------------------------------        ----        ----        ------- ----- ------------
_INITIALIZED                        0000D9EF    00000018 =          24. bytes (REL,CON)

      Value  Global                              Global Defined In Module
      -----  --------------------------------   ------------------------
     0000D9EF  _fade_style                        fade_manager
     0000D9F0  _game_time                         game_time
     0000D9F1  _PRN_PKT_START                     gbprinter
     0000D9FF  _hide_sprites                      interrupts
     0000DA00  _show_actors_on_overlay            interrupts
     0000DA01  _overlay_cut_scanline              interrupts
     0000DA02  __submap_tile_offset               
     0000DA03  _triggers_len                      trigger
     0000DA04  _exchange_state                    vm_sio
     0000DA05  ___render_shadow_OAM               Metasprites
     0000DA06  __map_tile_offset                  SetTileMap

ASxxxx Linker V03.00/V05.40 + sdld,  page 41.
Hexadecimal  [32-Bits]

Area                                    Addr        Size        Decimal Bytes (Attributes)
--------------------------------        ----        ----        ------- ----- ------------
_HRAM12                             00000000    00000003 =           3. bytes (ABS,CON)

      Value  Global                              Global Defined In Module
      -----  --------------------------------   ------------------------
     0000FF90  __current_bank                     Runtime
     0000FF92  __shadow_OAM_base                  Runtime

ASxxxx Linker V03.00/V05.40 + sdld,  page 42.
Hexadecimal  [32-Bits]

Area                                    Addr        Size        Decimal Bytes (Attributes)
--------------------------------        ----        ----        ------- ----- ------------
_CODE_3                             00034000    00003FFC =       16380. bytes (REL,CON)

      Value  Global                              Global Defined In Module
      -----  --------------------------------   ------------------------
     00034000  ___func_ACTOR                      actor
     00034000  _actors_init                       actor
     0003403A  _emote_offsets                     actor
     00034049  _emote_metasprite                  actor
     00034055  _player_init                       actor
     0003407B  _deactivate_actor                  actor
     000341DC  _activate_actor                    actor
     0003431B  _activate_actors_in_row            actor
     00034412  _activate_actors_in_col            actor
     00034563  _actor_set_frames                  actor
     000345B9  _actor_set_frame_offset            actor
     000345F4  _actor_get_frame_offset            actor
     00034606  _actor_set_anim_idle               actor
     00034634  _actor_set_anim_moving             actor
     00034665  _actor_set_dir                     actor
     000346CA  _actor_at_tile                     actor
     0003479E  _actor_in_front_of_player          actor
     00034852  _actor_overlapping_player          actor
     00034AEB  _actor_overlapping_bb              actor
     00034D0A  _actors_handle_player_collision    actor
     00034D96  _check_collision_in_direction      actor
     000355A9  _restore_sram_bank                 flasher
     000355DF  _restore_sram                      flasher
     000355F5  _save_sram                         flasher
     00035621  ___func_VM_ACTOR                   vm_actor
     00035621  _vm_actor_move_to                  vm_actor
     00035FBD  _vm_actor_move_cancel              vm_actor
     00035FF3  _vm_actor_activate                 vm_actor
     00036044  _vm_actor_deactivate               vm_actor
     00036095  _vm_actor_begin_update             vm_actor
     0003611C  _vm_actor_terminate_update         vm_actor
     00036163  _vm_actor_set_dir                  vm_actor
     000361AC  _vm_actor_set_anim                 vm_actor
     0003623A  _vm_actor_set_pos                  vm_actor
     000362B4  _vm_actor_get_pos                  vm_actor
     00036323  _vm_actor_get_dir                  vm_actor
     0003639D  _vm_actor_get_angle                vm_actor
     0003641E  _vm_actor_emote                    vm_actor
     000364E2  _vm_actor_set_bounds               vm_actor
     00036540  _vm_actor_set_spritesheet          vm_actor
     0003660A  _vm_actor_replace_tile             vm_actor
     00036675  _vm_actor_set_anim_tick            vm_actor
     000366B3  _vm_actor_set_move_speed           vm_actor
     000366F1  _vm_actor_set_anim_frame           vm_actor
     00036735  _vm_actor_get_anim_frame           vm_actor
     0003677F  _vm_actor_set_anim_set             vm_actor
     00036807  _vm_actor_set_spritesheet_by_ref   vm_actor
     00036914  _vm_actor_set_flags                vm_actor
     000369C2  ___func_VM_UI                      vm_ui
     000369C2  _vm_display_text                   vm_ui
ASxxxx Linker V03.00/V05.40 + sdld,  page 43.
Hexadecimal  [32-Bits]

Area                                    Addr        Size        Decimal Bytes (Attributes)
--------------------------------        ----        ----        ------- ----- ------------
_CODE_3                             00034000    00003FFC =       16380. bytes (REL,CON)

      Value  Global                              Global Defined In Module
      -----  --------------------------------   ------------------------
     00036A2B  _vm_switch_text_layer              vm_ui
     00036A45  _vm_overlay_setpos                 vm_ui
     00036A5F  _vm_overlay_wait                   vm_ui
     00036AEF  _vm_overlay_move_to                vm_ui
     00036B33  _vm_overlay_set_scroll             vm_ui
     00036B6C  _vm_overlay_clear                  vm_ui
     00036C3E  _vm_overlay_show                   vm_ui
     00036C8C  _vm_choice                         vm_ui
     00036DA7  _vm_set_font                       vm_ui
     00036DD6  _vm_overlay_scroll                 vm_ui
     00036E37  _vm_overlay_set_submap             vm_ui
     00036EA3  _vm_overlay_set_submap_ex          vm_ui
     00036FA4  _vm_overlay_set_map                vm_ui
     00037103  _vm_set_text_sound                 vm_ui
     0003711C  _SGB_border_chr                    border
     0003711C  ___func_SGB_border_chr             border
     0003711C  ___func_SGB_border_map             border
     0003711C  ___func_SGB_border_pal             border
     0003787C  _SGB_border_map                    border
     00037F7C  _SGB_border_pal                    border

ASxxxx Linker V03.00/V05.40 + sdld,  page 44.
Hexadecimal  [32-Bits]

Area                                    Addr        Size        Decimal Bytes (Attributes)
--------------------------------        ----        ----        ------- ----- ------------
_CODE_5                             00054000    000024A2 =        9378. bytes (REL,CON)

      Value  Global                              Global Defined In Module
      -----  --------------------------------   ------------------------
     00054000  _bootstrap_script                  
     0005400B  _camera_init                       camera
     00054031  _events_init                       events
     00054071  _timers_init                       events
     000540B1  _CGBFadeToWhiteStep                fade_manager
     000540EA  _CGBFadeToBlackStep                fade_manager
     00054125  _ApplyPaletteChangeColor           fade_manager
     00054162  _fade_speeds                       fade_manager
     00054169  _DMGFadeToWhiteStep                fade_manager
     0005418A  _DMGFadeToBlackStep                fade_manager
     000541AD  _ApplyPaletteChangeDMG             fade_manager
     00054203  _fade_init                         fade_manager
     00054224  _fade_in                           fade_manager
     0005425C  _fade_out                          fade_manager
     00054295  _fade_update                       fade_manager
     000542E8  _fade_applypalettechange           fade_manager
     000542FA  _fade_setspeed                     fade_manager
     0005430A  _fade_in_modal                     fade_manager
     00054324  _fade_out_modal                    fade_manager
     000543A6  _save_sram_banks                   
     0005442E  _erase_flash                       
     00054444  _input_init                        input
     0005446F  _remove_LCD_ISRs                   interrupts
     0005448A  _atan2                             math_atan2
     00054623  _atan2_table                       math_atan2
     0005478B  _music_init_driver                 music_manager
     000547EE  _music_init_events                 music_manager
     0005482A  _music_events_poll                 music_manager
     00054852  _music_pause                       music_manager
     00054874  _palette_init                      palette
     000548AB  _CGBZeroPalette                    palette
     000548C0  _SGBTransferPalettes               palette
     00054938  _parallax_init                     parallax
     00054958  _scroll_rect                       
     00054995  _set_sgb_border                    sgb_border
     00054B7D  _SIO_init                          sio
     00054BA6  ___func_VM_GBPRINTER               vm_gbprinter
     00054BA6  _vm_print_detect                   vm_gbprinter
     00054BF5  _vm_print_overlay                  vm_gbprinter
     00054C4A  ___func_VM_LOAD_SAVE               vm_load_save
     00054C4A  _vm_save_clear                     vm_load_save
     00054C59  _vm_save_peek                      vm_load_save
     00054CDB  ___func_VM_MATH                    vm_math
     00054CDB  _vm_sin_scale                      vm_math
     00054D77  _vm_cos_scale                      vm_math
     00054E15  ___func_VM_MUSIC                   vm_music
     00054E15  _vm_music_play                     vm_music
     00054E6C  _vm_music_stop                     vm_music
     00054E8E  _vm_music_mute                     vm_music
     00054ED6  _vm_music_routine                  vm_music
ASxxxx Linker V03.00/V05.40 + sdld,  page 45.
Hexadecimal  [32-Bits]

Area                                    Addr        Size        Decimal Bytes (Attributes)
--------------------------------        ----        ----        ------- ----- ------------
_CODE_5                             00054000    000024A2 =        9378. bytes (REL,CON)

      Value  Global                              Global Defined In Module
      -----  --------------------------------   ------------------------
     00054EFD  _vm_music_setpos                   vm_music
     00054EFE  _vm_sound_mastervol                vm_music
     00054F04  _vm_sfx_play                       vm_music
     00054F77  ___func_VM_PROJECTILE              vm_projectiles
     00054F77  _vm_projectile_launch              vm_projectiles
     00054FB8  _vm_projectile_load_type           vm_projectiles
     0005504A  ___func_VM_RTC                     vm_rtc
     0005504A  _vm_rtc_latch                      vm_rtc
     00055052  _vm_rtc_get                        vm_rtc
     000550B9  _vm_rtc_set                        vm_rtc
     00055117  _vm_rtc_start                      vm_rtc
     0005513A  ___func_VM_SCENE                   vm_scene
     0005513A  _vm_scene_push                     vm_scene
     000551B0  _vm_scene_pop                      vm_scene
     000551BE  _vm_scene_pop_all                  vm_scene
     000551C9  _vm_scene_stack_reset              vm_scene
     000551D2  ___func_VM_SIO                     vm_sio
     000551D2  _vm_sio_set_mode                   vm_sio
     000551E4  _vm_sio_exchange                   vm_sio
     000554C6  _itoa_fmt                          vm_ui_a
     000554FA  .utoa_fmt                          vm_ui_a
     000555A4  _actor_0_update                    actor_0_update
[...]
     000177D7  _sprite_items_bomb_metasprites     sprite_items_bomb
     000177D9  _sprite_items_bomb_animations      sprite_items_bomb
     000177E9  _sprite_items_bomb_animations_lo   sprite_items_bomb
     000177EB  _sprite_items_bomb                 sprite_items_bomb
     0001791A  gbt_channel_1_handle               
     00017AF4  gbt_channel_2_handle               
     00017CC6  gbt_channel_3_handle               
     00017E9F  gbt_channel_4_handle               
     00017FB8  gbt_update_bank1                   
     00017FD4  gbt_update_effects_bank1           

ASxxxx Linker V03.00/V05.40 + sdld,  page 59.
Hexadecimal  [32-Bits]

Area                                    Addr        Size        Decimal Bytes (Attributes)
--------------------------------        ----        ----        ------- ----- ------------
_HEADER_LCD0                        00000000    00000003 =           3. bytes (ABS,CON)

      Value  Global                              Global Defined In Module
      -----  --------------------------------   ------------------------
ASxxxx Linker V03.00/V05.40 + sdld,  page 60.

Files Linked                              [ module(s) ]

C:\Users\jefma\AppData\Local\Temp/_gbstools/gbdk/lib/gb/crt0.o
                                          [ Runtime ]
C:/Users/jefma/AppData/Local/Temp/_gbsbuild/obj/absolute.rel
                                          [ absolute ]
C:/Users/jefma/AppData/Local/Temp/_gbsbuild/obj/actor.rel
                                          [ actor ]
C:/Users/jefma/AppData/Local/Temp/_gbsbuild/obj/bankdata.rel
                                          [ bankdata ]
C:/Users/jefma/AppData/Local/Temp/_gbsbuild/obj/bootstrap.rel
                                          [  ]
C:/Users/jefma/AppData/Local/Temp/_gbsbuild/obj/camera.rel
                                          [ camera ]
C:/Users/jefma/AppData/Local/Temp/_gbsbuild/obj/core.rel
                                          [ core ]
C:/Users/jefma/AppData/Local/Temp/_gbsbuild/obj/crash_handler.rel
                                          [  ]
C:/Users/jefma/AppData/Local/Temp/_gbsbuild/obj/data_manager.rel
                                          [ data_manager ]
C:/Users/jefma/AppData/Local/Temp/_gbsbuild/obj/events.rel
                                          [ events ]
C:/Users/jefma/AppData/Local/Temp/_gbsbuild/obj/fade_manager.rel
                                          [ fade_manager ]
C:/Users/jefma/AppData/Local/Temp/_gbsbuild/obj/flasher_s.rel
                                          [  ]
C:/Users/jefma/AppData/Local/Temp/_gbsbuild/obj/flasher.rel
                                          [ flasher ]
C:/Users/jefma/AppData/Local/Temp/_gbsbuild/obj/game_time.rel
                                          [ game_time ]
C:/Users/jefma/AppData/Local/Temp/_gbsbuild/obj/gbprinter.rel
                                          [ gbprinter ]
C:/Users/jefma/AppData/Local/Temp/_gbsbuild/obj/input.rel
                                          [ input ]
C:/Users/jefma/AppData/Local/Temp/_gbsbuild/obj/interrupt_sio.rel
                                          [  ]
C:/Users/jefma/AppData/Local/Temp/_gbsbuild/obj/interrupt_timer.rel
                                          [  ]
C:/Users/jefma/AppData/Local/Temp/_gbsbuild/obj/interrupts.rel
                                          [ interrupts ]
C:/Users/jefma/AppData/Local/Temp/_gbsbuild/obj/load_save.rel
                                          [ load_save ]
C:/Users/jefma/AppData/Local/Temp/_gbsbuild/obj/math_atan2.rel
                                          [ math_atan2 ]
C:/Users/jefma/AppData/Local/Temp/_gbsbuild/obj/math.rel
                                          [ math ]
C:/Users/jefma/AppData/Local/Temp/_gbsbuild/obj/music_manager.rel
                                          [ music_manager ]
C:/Users/jefma/AppData/Local/Temp/_gbsbuild/obj/palette.rel
                                          [ palette ]
C:/Users/jefma/AppData/Local/Temp/_gbsbuild/obj/parallax.rel
                                          [ parallax ]
C:/Users/jefma/AppData/Local/Temp/_gbsbuild/obj/projectiles.rel
                                          [ projectiles ]
C:/Users/jefma/AppData/Local/Temp/_gbsbuild/obj/scroll_a.rel
                                          [  ]
C:/Users/jefma/AppData/Local/Temp/_gbsbuild/obj/scroll.rel
                                          [ scroll ]
C:/Users/jefma/AppData/Local/Temp/_gbsbuild/obj/set_tile_submap.rel
                                          [  ]
C:/Users/jefma/AppData/Local/Temp/_gbsbuild/obj/sfx_player.rel
                                          [ sfx_player ]
C:/Users/jefma/AppData/Local/Temp/_gbsbuild/obj/sgb_border.rel
                                          [ sgb_border ]
C:/Users/jefma/AppData/Local/Temp/_gbsbuild/obj/sio.rel
                                          [ sio ]
C:/Users/jefma/AppData/Local/Temp/_gbsbuild/obj/states_caller.rel
                                          [  ]
C:/Users/jefma/AppData/Local/Temp/_gbsbuild/obj/system.rel
                                          [ system ]
C:/Users/jefma/AppData/Local/Temp/_gbsbuild/obj/trigger.rel
                                          [ trigger ]
C:/Users/jefma/AppData/Local/Temp/_gbsbuild/obj/ui_a.rel
                                          [  ]
C:/Users/jefma/AppData/Local/Temp/_gbsbuild/obj/ui.rel
                                          [ ui ]
C:/Users/jefma/AppData/Local/Temp/_gbsbuild/obj/vm_actor.rel
                                          [ vm_actor ]
C:/Users/jefma/AppData/Local/Temp/_gbsbuild/obj/vm_camera.rel
                                          [ vm_camera ]
C:/Users/jefma/AppData/Local/Temp/_gbsbuild/obj/vm_gameboy.rel
                                          [ vm_gameboy ]
C:/Users/jefma/AppData/Local/Temp/_gbsbuild/obj/vm_gbprinter.rel
                                          [ vm_gbprinter ]
C:/Users/jefma/AppData/Local/Temp/_gbsbuild/obj/vm_instructions.rel
                                          [ vm_instructions ]
C:/Users/jefma/AppData/Local/Temp/_gbsbuild/obj/vm_load_save.rel
                                          [ vm_load_save ]
C:/Users/jefma/AppData/Local/Temp/_gbsbuild/obj/vm_math.rel
                                          [ vm_math ]
C:/Users/jefma/AppData/Local/Temp/_gbsbuild/obj/vm_music.rel
                                          [ vm_music ]
C:/Users/jefma/AppData/Local/Temp/_gbsbuild/obj/vm_palette.rel
                                          [ vm_palette ]
C:/Users/jefma/AppData/Local/Temp/_gbsbuild/obj/vm_projectiles.rel
                                          [ vm_projectiles ]
C:/Users/jefma/AppData/Local/Temp/_gbsbuild/obj/vm_rtc.rel
                                          [ vm_rtc ]
C:/Users/jefma/AppData/Local/Temp/_gbsbuild/obj/vm_scene.rel
                                          [ vm_scene ]
C:/Users/jefma/AppData/Local/Temp/_gbsbuild/obj/vm_sgb.rel
                                          [ vm_sgb ]
C:/Users/jefma/AppData/Local/Temp/_gbsbuild/obj/vm_sio.rel
                                          [ vm_sio ]
C:/Users/jefma/AppData/Local/Temp/_gbsbuild/obj/vm_ui_a.rel
                                          [ vm_ui_a ]
C:/Users/jefma/AppData/Local/Temp/_gbsbuild/obj/vm_ui.rel
                                          [ vm_ui ]
C:/Users/jefma/AppData/Local/Temp/_gbsbuild/obj/vm.rel
                                          [ vm ]
C:/Users/jefma/AppData/Local/Temp/_gbsbuild/obj/actor_0_update.rel
                                          [ actor_0_update ]
C:/Users/jefma/AppData/Local/Temp/_gbsbuild/obj/actor_1_update.rel
                                          [ actor_1_update ]
C:/Users/jefma/AppData/Local/Temp/_gbsbuild/obj/actor_16_update.rel
                                          [ actor_16_update ]
C:/Users/jefma/AppData/Local/Temp/_gbsbuild/obj/actor_2_interact.rel
                                          [ actor_2_interact ]
C:/Users/jefma/AppData/Local/Temp/_gbsbuild/obj/actor_3_update.rel
                                          [ actor_3_update ]
C:/Users/jefma/AppData/Local/Temp/_gbsbuild/obj/actor_4_update.rel
                                          [ actor_4_update ]
C:/Users/jefma/AppData/Local/Temp/_gbsbuild/obj/actor_5_update.rel
                                          [ actor_5_update ]
C:/Users/jefma/AppData/Local/Temp/_gbsbuild/obj/actor_7_interact.rel
                                          [ actor_7_interact ]
C:/Users/jefma/AppData/Local/Temp/_gbsbuild/obj/actor_8_interact.rel
                                          [ actor_8_interact ]
C:/Users/jefma/AppData/Local/Temp/_gbsbuild/obj/bg_map_tilemap_attr.rel
                                          [ bg_map_tilemap_attr ]
C:/Users/jefma/AppData/Local/Temp/_gbsbuild/obj/bg_map_tilemap.rel
                                          [ bg_map_tilemap ]
C:/Users/jefma/AppData/Local/Temp/_gbsbuild/obj/bg_map_tileset.rel
                                          [ bg_map_tileset ]
C:/Users/jefma/AppData/Local/Temp/_gbsbuild/obj/bg_map.rel
                                          [ bg_map ]
C:/Users/jefma/AppData/Local/Temp/_gbsbuild/obj/border.rel
                                          [ border ]
C:/Users/jefma/AppData/Local/Temp/_gbsbuild/obj/cursor_image.rel
                                          [ cursor_image ]
C:/Users/jefma/AppData/Local/Temp/_gbsbuild/obj/font_gbs_mono.rel
                                          [ font_gbs_mono ]
C:/Users/jefma/AppData/Local/Temp/_gbsbuild/obj/frame_image.rel
                                          [ frame_image ]
C:/Users/jefma/AppData/Local/Temp/_gbsbuild/obj/game_signature.rel
                                          [ game_signature ]
C:/Users/jefma/AppData/Local/Temp/_gbsbuild/obj/palette_0.rel
                                          [ palette_0 ]
C:/Users/jefma/AppData/Local/Temp/_gbsbuild/obj/palette_1.rel
                                          [ palette_1 ]
C:/Users/jefma/AppData/Local/Temp/_gbsbuild/obj/scene_1_actors.rel
                                          [ scene_1_actors ]
C:/Users/jefma/AppData/Local/Temp/_gbsbuild/obj/scene_1_collisions.rel
                                          [ scene_1_collisions ]
C:/Users/jefma/AppData/Local/Temp/_gbsbuild/obj/scene_1_init.rel
                                          [ scene_1_init ]
C:/Users/jefma/AppData/Local/Temp/_gbsbuild/obj/scene_1_projectiles.rel
                                          [ scene_1_projectiles ]
C:/Users/jefma/AppData/Local/Temp/_gbsbuild/obj/scene_1_sprites.rel
                                          [ scene_1_sprites ]
C:/Users/jefma/AppData/Local/Temp/_gbsbuild/obj/scene_1.rel
                                          [ scene_1 ]
C:/Users/jefma/AppData/Local/Temp/_gbsbuild/obj/script_1.rel
                                          [ script_1 ]
C:/Users/jefma/AppData/Local/Temp/_gbsbuild/obj/script_3.rel
                                          [ script_3 ]
C:/Users/jefma/AppData/Local/Temp/_gbsbuild/obj/script_4.rel
                                          [ script_4 ]
C:/Users/jefma/AppData/Local/Temp/_gbsbuild/obj/script_5.rel
                                          [ script_5 ]
C:/Users/jefma/AppData/Local/Temp/_gbsbuild/obj/script_engine_init.rel
                                          [  ]
C:/Users/jefma/AppData/Local/Temp/_gbsbuild/obj/script_input_0.rel
                                          [ script_input_0 ]
C:/Users/jefma/AppData/Local/Temp/_gbsbuild/obj/script_timer_0.rel
                                          [ script_timer_0 ]
C:/Users/jefma/AppData/Local/Temp/_gbsbuild/obj/sprite_actor_animated_tileset.rel
                                          [ sprite_actor_animated_tileset ]
C:/Users/jefma/AppData/Local/Temp/_gbsbuild/obj/sprite_actor_animated.rel
                                          [ sprite_actor_animated ]
C:/Users/jefma/AppData/Local/Temp/_gbsbuild/obj/sprite_darknut_tileset.rel
                                          [ sprite_darknut_tileset ]
C:/Users/jefma/AppData/Local/Temp/_gbsbuild/obj/sprite_darknut.rel
                                          [ sprite_darknut ]
C:/Users/jefma/AppData/Local/Temp/_gbsbuild/obj/sprite_items_bomb_tileset.rel
                                          [ sprite_items_bomb_tileset ]
C:/Users/jefma/AppData/Local/Temp/_gbsbuild/obj/sprite_items_bomb.rel
                                          [ sprite_items_bomb ]
C:/Users/jefma/AppData/Local/Temp/_gbsbuild/obj/sprite_items_bottle_tileset.rel
                                          [ sprite_items_bottle_tileset ]
C:/Users/jefma/AppData/Local/Temp/_gbsbuild/obj/sprite_items_bottle.rel
                                          [ sprite_items_bottle ]
C:/Users/jefma/AppData/Local/Temp/_gbsbuild/obj/sprite_items_campfire_tileset.rel
                                          [ sprite_items_campfire_tileset ]
C:/Users/jefma/AppData/Local/Temp/_gbsbuild/obj/sprite_items_campfire.rel
                                          [ sprite_items_campfire ]
C:/Users/jefma/AppData/Local/Temp/_gbsbuild/obj/sprite_items_log_tileset.rel
                                          [ sprite_items_log_tileset ]
C:/Users/jefma/AppData/Local/Temp/_gbsbuild/obj/sprite_items_log.rel
                                          [ sprite_items_log ]
C:/Users/jefma/AppData/Local/Temp/_gbsbuild/obj/sprite_moblin_tileset.rel
                                          [ sprite_moblin_tileset ]
C:/Users/jefma/AppData/Local/Temp/_gbsbuild/obj/sprite_moblin.rel
                                          [ sprite_moblin ]
C:/Users/jefma/AppData/Local/Temp/_gbsbuild/obj/sprite_octorok_projectile_tileset.rel
                                          [ sprite_octorok_projectile_tilese ]
C:/Users/jefma/AppData/Local/Temp/_gbsbuild/obj/sprite_octorok_projectile.rel
                                          [ sprite_octorok_projectile ]
C:/Users/jefma/AppData/Local/Temp/_gbsbuild/obj/sprite_octorok_tileset.rel
                                          [ sprite_octorok_tileset ]
C:/Users/jefma/AppData/Local/Temp/_gbsbuild/obj/sprite_octorok.rel
                                          [ sprite_octorok ]
C:/Users/jefma/AppData/Local/Temp/_gbsbuild/obj/sprite_player_link_use_tileset.rel
                                          [ sprite_player_link_use_tileset ]
C:/Users/jefma/AppData/Local/Temp/_gbsbuild/obj/sprite_player_link_use.rel
                                          [ sprite_player_link_use ]
C:/Users/jefma/AppData/Local/Temp/_gbsbuild/obj/sprite_projectiles_fire_tileset.rel
                                          [ sprite_projectiles_fire_tileset ]
C:/Users/jefma/AppData/Local/Temp/_gbsbuild/obj/sprite_projectiles_fire.rel
                                          [ sprite_projectiles_fire ]
C:/Users/jefma/AppData/Local/Temp/_gbsbuild/obj/sprite_projectiles_leaf_tileset.rel
                                          [ sprite_projectiles_leaf_tileset ]
C:/Users/jefma/AppData/Local/Temp/_gbsbuild/obj/sprite_projectiles_leaf.rel
                                          [ sprite_projectiles_leaf ]
C:/Users/jefma/AppData/Local/Temp/_gbsbuild/obj/sprite_projectiles_stick_tileset.rel
                                          [ sprite_projectiles_stick_tileset ]
C:/Users/jefma/AppData/Local/Temp/_gbsbuild/obj/sprite_projectiles_stick.rel
                                          [ sprite_projectiles_stick ]
C:/Users/jefma/AppData/Local/Temp/_gbsbuild/obj/spritesheet_none.rel
                                          [ spritesheet_none ]
C:/Users/jefma/AppData/Local/Temp/_gbsbuild/obj/tileset_default_frame.rel
                                          [ tileset_default_frame ]
C:/Users/jefma/AppData/Local/Temp/_gbsbuild/obj/main.rel
                                          [ main ]
C:/Users/jefma/AppData/Local/Temp/_gbsbuild/obj/adventure.rel
                                          [ adventure ]
C:/Users/jefma/AppData/Local/Temp/_gbsbuild/obj/logo.rel
                                          [ logo ]
C:/Users/jefma/AppData/Local/Temp/_gbsbuild/obj/states_ptrs.rel
                                          [  ]


Libraries Linked                          [ object file ]

C:\Users\jefma\AppData\Local\Temp/_gbstools/gbdk/lib/gb/gb.lib
                                          [ fill_rect_wi.o ]
C:\Users\jefma\AppData\Local\Temp/_gbstools/gbdk/lib/sm83/sm83.lib
                                          [ rand.o ]
C:\Users\jefma\AppData\Local\Temp/_gbstools/gbdk/lib/gb/gb.lib
                                          [ sfr.o ]
C:\Users\jefma\AppData\Local\Temp/_gbstools/gbdk/lib/gb/gb.lib
                                          [ get_data.o ]
C:\Users\jefma\AppData\Local\Temp/_gbstools/gbdk/lib/gb/gb.lib
                                          [ get_tile.o ]
C:\Users\jefma\AppData\Local\Temp/_gbstools/gbdk/lib/gb/gb.lib
                                          [ cgb_palettes.o ]
lib/gbt_player.lib                        [ gbt_player.o ]
C:\Users\jefma\AppData\Local\Temp/_gbstools/gbdk/lib/gb/gb.lib
                                          [ metasprites_hide_spr.o ]
C:\Users\jefma\AppData\Local\Temp/_gbstools/gbdk/lib/sm83/sm83.lib
                                          [ mul.o ]
C:\Users\jefma\AppData\Local\Temp/_gbstools/gbdk/lib/gb/gb.lib
                                          [ set_tile.o ]
C:\Users\jefma\AppData\Local\Temp/_gbstools/gbdk/lib/sm83/sm83.lib
                                          [ abs.o ]
C:\Users\jefma\AppData\Local\Temp/_gbstools/gbdk/lib/gb/gb.lib
                                          [ set_wi_t.o ]
C:\Users\jefma\AppData\Local\Temp/_gbstools/gbdk/lib/gb/gb.lib
                                          [ set_data.o ]
C:\Users\jefma\AppData\Local\Temp/_gbstools/gbdk/lib/sm83/sm83.lib
                                          [ reverse.o ]
C:\Users\jefma\AppData\Local\Temp/_gbstools/gbdk/lib/gb/gb.lib
                                          [ far_ptr.o ]
C:\Users\jefma\AppData\Local\Temp/_gbstools/gbdk/lib/gb/gb.lib
                                          [ sgb.o ]
C:\Users\jefma\AppData\Local\Temp/_gbstools/gbdk/lib/gb/gb.lib
                                          [ lcd.o ]
C:\Users\jefma\AppData\Local\Temp/_gbstools/gbdk/lib/gb/gb.lib
                                          [ fill_rect.o ]
C:\Users\jefma\AppData\Local\Temp/_gbstools/gbdk/lib/gb/gb.lib
                                          [ pad_ex.o ]
C:\Users\jefma\AppData\Local\Temp/_gbstools/gbdk/lib/gb/gb.lib
                                          [ cpy_data.o ]
C:\Users\jefma\AppData\Local\Temp/_gbstools/gbdk/lib/gb/gb.lib
                                          [ fill_rect_bk.o ]
C:\Users\jefma\AppData\Local\Temp/_gbstools/gbdk/lib/gb/gb.lib
                                          [ metasprites.o ]
C:\Users\jefma\AppData\Local\Temp/_gbstools/gbdk/lib/sm83/sm83.lib
                                          [ __sdcc_call_hl.o ]
C:\Users\jefma\AppData\Local\Temp/_gbstools/gbdk/lib/sm83/sm83.lib
                                          [ memcpy.o ]
C:\Users\jefma\AppData\Local\Temp/_gbstools/gbdk/lib/sm83/sm83.lib
                                          [ _memset.o ]
C:\Users\jefma\AppData\Local\Temp/_gbstools/gbdk/lib/gb/gb.lib
                                          [ set_xy_t.o ]
C:\Users\jefma\AppData\Local\Temp/_gbstools/gbdk/lib/gb/gb.lib
                                          [ ___sdcc_bcall_ehl.o ]
C:\Users\jefma\AppData\Local\Temp/_gbstools/gbdk/lib/gb/gb.lib
                                          [ cgb.o ]
C:\Users\jefma\AppData\Local\Temp/_gbstools/gbdk/lib/sm83/sm83.lib
                                          [ div.o ]
C:\Users\jefma\AppData\Local\Temp/_gbstools/gbdk/lib/gb/gb.lib
                                          [ set_bk_t.o ]
lib/gbt_player.lib                        [ gbt_player_bank1.o ]

ASxxxx Linker V03.00/V05.40 + sdld,  page 61.

User Base Address Definitions

_DATA=0xC0A0
_CODE=0x0200
ASxxxx Linker V03.00/V05.40 + sdld,  page 62.

User Global Definitions

.STACK=0xDF00
_shadow_OAM=0xC000
.refresh_OAM=0xFF80
__start_save=4

